 lib_protocol_d

 Timestamp is 5d4ccc56 (Fri Aug 09 09:28:54 2019)

 Preferred load address is 0000000180000000

 Start         Length     Name                   Class
 0001:00000000 00013876H .text$mn                CODE
 0001:00013880 000000edH .text$x                 CODE
 0002:00000000 00000520H .idata$5                DATA
 0002:00000520 00000008H .CRT$XCA                DATA
 0002:00000528 00000008H .CRT$XCZ                DATA
 0002:00000530 00000008H .CRT$XIA                DATA
 0002:00000538 00000008H .CRT$XIAA               DATA
 0002:00000540 00000008H .CRT$XIC                DATA
 0002:00000548 00000008H .CRT$XIZ                DATA
 0002:00000550 00001c70H .rdata                  DATA
 0002:000021c0 00000058H .rdata$debug            DATA
 0002:00002218 00000008H .rtc$IAA                DATA
 0002:00002220 000000c0H .rtc$IMZ                DATA
 0002:000022e0 00000008H .rtc$IZZ                DATA
 0002:000022e8 00000008H .rtc$TAA                DATA
 0002:000022f0 000000c0H .rtc$TMZ                DATA
 0002:000023b0 00000008H .rtc$TZZ                DATA
 0002:000023b8 00000d48H .xdata                  DATA
 0002:00003100 000012c1H .edata                  DATA
 0002:000043c4 00000050H .idata$2                DATA
 0002:00004414 00000014H .idata$3                DATA
 0002:00004428 00000520H .idata$4                DATA
 0002:00004948 00000b78H .idata$6                DATA
 0003:00000000 00004b30H .data                   DATA
 0003:00004b30 00000628H .bss                    DATA
 0004:00000000 00000f18H .pdata                  DATA
 0005:00000000 000000a0H .rsrc$01                DATA
 0005:000000a0 00000450H .rsrc$02                DATA

  Address         Publics by Value              Rva+Base               Lib:Object

 0000:00000000       __guard_fids_table         0000000000000000     <absolute>
 0000:00000000       ___safe_se_handler_table   0000000000000000     <absolute>
 0000:00000000       __guard_flags              0000000000000000     <absolute>
 0000:00000000       __guard_fids_count         0000000000000000     <absolute>
 0000:00000000       ___safe_se_handler_count   0000000000000000     <absolute>
 0000:00000000       __ImageBase                0000000180000000     <linker-defined>
 0001:00000000       http_hdr_req_get_async     0000000180001000 f   http_chat_async.obj
 0001:00000070       http_hdr_res_get_async     0000000180001070 f   http_chat_async.obj
 0001:000000e0       http_req_body_get_async    00000001800010e0 f   http_chat_async.obj
 0001:00000240       http_res_body_get_async    0000000180001240 f   http_chat_async.obj
 0001:000012f0       http_hdr_req_get_sync      00000001800022f0 f   http_chat_sync.obj
 0001:00001360       http_hdr_res_get_sync      0000000180002360 f   http_chat_sync.obj
 0001:000013d0       http_req_body_get_sync     00000001800023d0 f   http_chat_sync.obj
 0001:00001510       http_res_body_get_sync     0000000180002510 f   http_chat_sync.obj
 0001:00001650       http_chat_sync_reqctl      0000000180002650 f   http_chat_sync.obj
 0001:00001770       http_chat_sync_resctl      0000000180002770 f   http_chat_sync.obj
 0001:00002320       http_hdr_new               0000000180003320 f   http_hdr.obj
 0001:000023e0       http_hdr_clone             00000001800033e0 f   http_hdr.obj
 0001:000024d0       http_hdr_free              00000001800034d0 f   http_hdr.obj
 0001:00002580       http_hdr_reset             0000000180003580 f   http_hdr.obj
 0001:000025e0       http_hdr_append_entry      00000001800035e0 f   http_hdr.obj
 0001:00002660       http_hdr_parse_version     0000000180003660 f   http_hdr.obj
 0001:000027c0       http_hdr_parse             00000001800037c0 f   http_hdr.obj
 0001:000029f0       http_hdr_entry_build       00000001800039f0 f   http_hdr.obj
 0001:00002b10       http_hdr_entry_new         0000000180003b10 f   http_hdr.obj
 0001:00002e10       http_hdr_entry_head        0000000180003e10 f   http_hdr.obj
 0001:00002f80       http_hdr_entry_new2        0000000180003f80 f   http_hdr.obj
 0001:000030f0       http_hdr_entry             00000001800040f0 f   http_hdr.obj
 0001:00003130       http_hdr_entry_value       0000000180004130 f   http_hdr.obj
 0001:00003190       http_hdr_entry_replace     0000000180004190 f   http_hdr.obj
 0001:000032c0       http_hdr_entry_replace2    00000001800042c0 f   http_hdr.obj
 0001:000035b0       http_hdr_entry_off         00000001800045b0 f   http_hdr.obj
 0001:00003650       http_hdr_print             0000000180004650 f   http_hdr.obj
 0001:000037e0       http_hdr_fprint            00000001800047e0 f   http_hdr.obj
 0001:000039a0       http_hdr_sprint            00000001800049a0 f   http_hdr.obj
 0001:00003d00       http_hdr_put_str           0000000180004d00 f   http_hdr_build.obj
 0001:00003d60       http_hdr_put_int           0000000180004d60 f   http_hdr_build.obj
 0001:00003e20       http_hdr_put_fmt           0000000180004e20 f   http_hdr_build.obj
 0001:00003f80       http_hdr_put_time          0000000180004f80 f   http_hdr_build.obj
 0001:00004080       http_hdr_set_keepalive     0000000180005080 f   http_hdr_build.obj
 0001:00004140       http_hdr_res_init          0000000180005140 f   http_hdr_build.obj
 0001:000041b0       http_hdr_res_static        00000001800051b0 f   http_hdr_build.obj
 0001:00004210       http_hdr_res_error         0000000180005210 f   http_hdr_build.obj
 0001:000042d0       http_hdr_build             00000001800052d0 f   http_hdr_build.obj
 0001:000043e0       http_hdr_build_request     00000001800053e0 f   http_hdr_build.obj
 0001:00004500       http_uri_correct           0000000180005500 f   http_hdr_req.obj
 0001:00004520       http_hdr_req_new           0000000180005520 f   http_hdr_req.obj
 0001:00004650       http_hdr_req_create        0000000180005650 f   http_hdr_req.obj
 0001:00004d40       http_hdr_req_clone         0000000180005d40 f   http_hdr_req.obj
 0001:00004fd0       http_hdr_req_rewrite       0000000180005fd0 f   http_hdr_req.obj
 0001:00005040       http_hdr_req_rewrite2      0000000180006040 f   http_hdr_req.obj
 0001:000056a0       http_hdr_req_free          00000001800066a0 f   http_hdr_req.obj
 0001:00005760       http_hdr_req_reset         0000000180006760 f   http_hdr_req.obj
 0001:000057c0       http_hdr_req_cookies_parse 00000001800067c0 f   http_hdr_req.obj
 0001:00005980       http_hdr_req_line_parse    0000000180006980 f   http_hdr_req.obj
 0001:00005d10       http_hdr_req_parse         0000000180006d10 f   http_hdr_req.obj
 0001:00005d50       http_hdr_req_parse3        0000000180006d50 f   http_hdr_req.obj
 0001:00005e00       http_hdr_req_cookie_get    0000000180006e00 f   http_hdr_req.obj
 0001:00005ec0       http_hdr_req_method        0000000180006ec0 f   http_hdr_req.obj
 0001:00005ee0       http_hdr_req_param         0000000180006ee0 f   http_hdr_req.obj
 0001:00005f80       http_hdr_req_url_part      0000000180006f80 f   http_hdr_req.obj
 0001:00006020       http_hdr_req_url_path      0000000180007020 f   http_hdr_req.obj
 0001:00006070       http_hdr_req_host          0000000180007070 f   http_hdr_req.obj
 0001:000060b0       http_hdr_req_url           00000001800070b0 f   http_hdr_req.obj
 0001:00006160       http_hdr_req_range         0000000180007160 f   http_hdr_req.obj
 0001:00008180       http_hdr_res_status_parse  0000000180009180 f   http_hdr_res.obj
 0001:000083b0       http_hdr_res_new           00000001800093b0 f   http_hdr_res.obj
 0001:000084d0       http_hdr_res_clone         00000001800094d0 f   http_hdr_res.obj
 0001:00008530       http_hdr_res_free          0000000180009530 f   http_hdr_res.obj
 0001:000085f0       http_hdr_res_reset         00000001800095f0 f   http_hdr_res.obj
 0001:00008650       http_hdr_res_parse         0000000180009650 f   http_hdr_res.obj
 0001:00008840       http_hdr_res_range         0000000180009840 f   http_hdr_res.obj
 0001:00008d10       http_init                  0000000180009d10 f   http_init.obj
 0001:00008d70       http_hdr_cache             0000000180009d70 f   http_init.obj
 0001:00008d90       http_buf_size_set          0000000180009d90 f   http_init.obj
 0001:00008dc0       http_buf_size_get          0000000180009dc0 f   http_init.obj
 0001:00008dd0       http_req_new               0000000180009dd0 f   http_req.obj
 0001:00008ed0       http_req_free              0000000180009ed0 f   http_req.obj
 0001:00008f70       http_res_new               0000000180009f70 f   http_res.obj
 0001:00009070       http_res_free              000000018000a070 f   http_res.obj
 0001:00009150       http_mkrfc1123             000000018000a150 f   http_rfc1123.obj
 0001:00009230       http_status_line           000000018000a230 f   http_status.obj
 0001:00009320       http_tmpl_load             000000018000a320 f   http_tmpl.obj
 0001:00009630       http_tmpl_get              000000018000a630 f   http_tmpl.obj
 0001:00009720       http_tmpl_title            000000018000a720 f   http_tmpl.obj
 0001:00009810       http_tmpl_size             000000018000a810 f   http_tmpl.obj
 0001:00009bf0       http_util_req_new          000000018000abf0 f   http_util.obj
 0001:00009ec0       http_util_res_new          000000018000aec0 f   http_util.obj
 0001:00009f30       http_util_free             000000018000af30 f   http_util.obj
 0001:0000a050       http_util_set_req_entry    000000018000b050 f   http_util.obj
 0001:0000a0d0       http_util_off_req_entry    000000018000b0d0 f   http_util.obj
 0001:0000a130       http_util_get_req_value    000000018000b130 f   http_util.obj
 0001:0000a190       http_util_get_req_entry    000000018000b190 f   http_util.obj
 0001:0000a1f0       http_util_set_req_content_length 000000018000b1f0 f   http_util.obj
 0001:0000a2a0       http_util_set_req_keep_alive 000000018000b2a0 f   http_util.obj
 0001:0000a370       http_util_set_req_connection 000000018000b370 f   http_util.obj
 0001:0000a3e0       http_util_set_req_refer    000000018000b3e0 f   http_util.obj
 0001:0000a450       http_util_set_req_cookie   000000018000b450 f   http_util.obj
 0001:0000a570       http_util_set_req_proxy    000000018000b570 f   http_util.obj
 0001:0000a630       http_util_set_dump_stream  000000018000b630 f   http_util.obj
 0001:0000a6d0       http_util_set_dump_file    000000018000b6d0 f   http_util.obj
 0001:0000a800       http_util_req_open         000000018000b800 f   http_util.obj
 0001:0000a960       http_util_put_req_data     000000018000b960 f   http_util.obj
 0001:0000aa30       http_util_get_res_hdr      000000018000ba30 f   http_util.obj
 0001:0000ab00       http_util_get_res_value    000000018000bb00 f   http_util.obj
 0001:0000ab60       http_util_get_res_entry    000000018000bb60 f   http_util.obj
 0001:0000abc0       http_util_set_res_entry    000000018000bbc0 f   http_util.obj
 0001:0000ac40       http_util_off_res_entry    000000018000bc40 f   http_util.obj
 0001:0000aca0       http_util_has_res_body     000000018000bca0 f   http_util.obj
 0001:0000ad70       http_util_get_res_body     000000018000bd70 f   http_util.obj
 0001:0000af90       http_util_dump_url         000000018000bf90 f   http_util.obj
 0001:0000b1a0       http_util_dump_url_to_stream 000000018000c1a0 f   http_util.obj
 0001:0000b360       icmp_chat_create           000000018000c360 f   icmp_chat.obj
 0001:0000b480       icmp_chat_free             000000018000c480 f   icmp_chat.obj
 0001:0000b4d0       icmp_chat                  000000018000c4d0 f   icmp_chat.obj
 0001:0000b530       icmp_chat_size             000000018000c530 f   icmp_chat.obj
 0001:0000b570       icmp_chat_count            000000018000c570 f   icmp_chat.obj
 0001:0000b590       icmp_chat_finish           000000018000c590 f   icmp_chat.obj
 0001:0000b5e0       icmp_chat_seqno            000000018000c5e0 f   icmp_chat.obj
 0001:0000b6a0       icmp_chat_aio_add          000000018000c6a0 f   icmp_chat_aio.obj
 0001:0000b820       icmp_chat_aio_free         000000018000c820 f   icmp_chat_aio.obj
 0001:0000b8a0       icmp_chat_aio              000000018000c8a0 f   icmp_chat_aio.obj
 0001:0000c2b0       icmp_chat_sio_free         000000018000d2b0 f   icmp_chat_sio.obj
 0001:0000c320       icmp_chat_sio              000000018000d320 f   icmp_chat_sio.obj
 0001:0000c820       icmp_host_new              000000018000d820 f   icmp_host.obj
 0001:0000c8b0       icmp_host_free             000000018000d8b0 f   icmp_host.obj
 0001:0000c950       icmp_host_set              000000018000d950 f   icmp_host.obj
 0001:0000c9d0       icmp_host_alloc            000000018000d9d0 f   icmp_host.obj
 0001:0000cc10       icmp_host_init             000000018000dc10 f   icmp_host.obj
 0001:0000cd60       icmp_ping_one              000000018000dd60 f   icmp_ping.obj
 0001:0000ce00       icmp_pkt_client            000000018000de00 f   icmp_pkt.obj
 0001:0000cec0       icmp_pkt_alloc             000000018000dec0 f   icmp_pkt.obj
 0001:0000cf30       icmp_pkt_free              000000018000df30 f   icmp_pkt.obj
 0001:0000cf90       icmp_pkt_pack              000000018000df90 f   icmp_pkt.obj
 0001:0000d060       icmp_pkt_build             000000018000e060 f   icmp_pkt.obj
 0001:0000d100       icmp_pkt_save_status       000000018000e100 f   icmp_pkt.obj
 0001:0000d1b0       icmp_pkt_unpack            000000018000e1b0 f   icmp_pkt.obj
 0001:0000d3f0       icmp_pkt_check             000000018000e3f0 f   icmp_pkt.obj
 0001:0000d4a0       icmp_pkt_type              000000018000e4a0 f   icmp_pkt.obj
 0001:0000d4c0       icmp_pkt_code              000000018000e4c0 f   icmp_pkt.obj
 0001:0000d4e0       icmp_pkt_cksum             000000018000e4e0 f   icmp_pkt.obj
 0001:0000d500       icmp_pkt_id                000000018000e500 f   icmp_pkt.obj
 0001:0000d520       icmp_pkt_seq               000000018000e520 f   icmp_pkt.obj
 0001:0000d540       icmp_pkt_gid               000000018000e540 f   icmp_pkt.obj
 0001:0000d560       icmp_pkt_peer              000000018000e560 f   icmp_pkt.obj
 0001:0000d580       icmp_pkt_status            000000018000e580 f   icmp_pkt.obj
 0001:0000d5a0       icmp_pkt_len               000000018000e5a0 f   icmp_pkt.obj
 0001:0000d5c0       icmp_pkt_wlen              000000018000e5c0 f   icmp_pkt.obj
 0001:0000d5e0       icmp_pkt_payload           000000018000e5e0 f   icmp_pkt.obj
 0001:0000d6b0       icmp_pkt_set_extra         000000018000e6b0 f   icmp_pkt.obj
 0001:0000d770       icmp_pkt_set_type          000000018000e770 f   icmp_pkt.obj
 0001:0000d790       icmp_pkt_set_code          000000018000e790 f   icmp_pkt.obj
 0001:0000d7b0       icmp_pkt_set_cksum         000000018000e7b0 f   icmp_pkt.obj
 0001:0000d7e0       icmp_pkt_set_id            000000018000e7e0 f   icmp_pkt.obj
 0001:0000d810       icmp_pkt_set_seq           000000018000e810 f   icmp_pkt.obj
 0001:0000d840       icmp_pkt_set_data          000000018000e840 f   icmp_pkt.obj
 0001:0000d9d0       stamp_sub                  000000018000e9d0 f   icmp_stat.obj
 0001:0000daa0       icmp_stat_timeout          000000018000eaa0 f   icmp_stat.obj
 0001:0000db50       icmp_stat_unreach          000000018000eb50 f   icmp_stat.obj
 0001:0000dc00       icmp_stat_report           000000018000ec00 f   icmp_stat.obj
 0001:0000dd00       icmp_stat_finish           000000018000ed00 f   icmp_stat.obj
 0001:0000dd40       icmp_stat                  000000018000ed40 f   icmp_stat.obj
 0001:0000de20       icmp_stat_host             000000018000ee20 f   icmp_stat.obj
 0001:0000e250       icmp_stream_open           000000018000f250 f   icmp_stream.obj
 0001:0000e390       icmp_stream_close          000000018000f390 f   icmp_stream.obj
 0001:0000e420       icmp_vstream               000000018000f420 f   icmp_stream.obj
 0001:0000e440       icmp_stream_from           000000018000f440 f   icmp_stream.obj
 0001:0000e490       icmp_stream_dest           000000018000f490 f   icmp_stream.obj
 0001:0000e4e0       icmp_stream_set_dest       000000018000f4e0 f   icmp_stream.obj
 0001:0000e510       icmp_stream_reopen         000000018000f510 f   icmp_stream.obj
 0001:0000e780       icmp_timer_new             000000018000f780 f   icmp_timer.obj
 0001:0000e820       icmp_timer_free            000000018000f820 f   icmp_timer.obj
 0001:0000ed70       proto_secure_snprintf      000000018000fd70 f   proto_snprintf.obj
 0001:0000ee00       proto_securevsnprintf      000000018000fe00 f   proto_snprintf.obj
 0001:0000ee70       smtp_open                  000000018000fe70 f   smtp_client.obj
 0001:0000ef70       smtp_close                 000000018000ff70 f   smtp_client.obj
 0001:0000f020       smtp_get_banner            0000000180010020 f   smtp_client.obj
 0001:0000f1a0       smtp_greet                 00000001800101a0 f   smtp_client.obj
 0001:0000f200       smtp_helo                  0000000180010200 f   smtp_client.obj
 0001:0000f3e0       smtp_ehlo                  00000001800103e0 f   smtp_client.obj
 0001:0000f650       smtp_auth                  0000000180010650 f   smtp_client.obj
 0001:00010010       smtp_mail                  0000000180011010 f   smtp_client.obj
 0001:000101b0       smtp_rcpt                  00000001800111b0 f   smtp_client.obj
 0001:00010350       smtp_data                  0000000180011350 f   smtp_client.obj
 0001:000104f0       smtp_send                  00000001800114f0 f   smtp_client.obj
 0001:00010570       smtp_printf                0000000180011570 f   smtp_client.obj
 0001:00010610       smtp_data_end              0000000180011610 f   smtp_client.obj
 0001:000107b0       smtp_send_file             00000001800117b0 f   smtp_client.obj
 0001:00010860       smtp_send_stream           0000000180011860 f   smtp_client.obj
 0001:00010960       smtp_quit                  0000000180011960 f   smtp_client.obj
 0001:00010af0       smtp_noop                  0000000180011af0 f   smtp_client.obj
 0001:00010cd0       smtp_rset                  0000000180011cd0 f   smtp_client.obj
 0001:00011086       inet_addr                  0000000180012086 f   ws2_32:WS2_32.dll
 0001:0001108c       inet_ntoa                  000000018001208c f   ws2_32:WS2_32.dll
 0001:00011092       recvfrom                   0000000180012092 f   ws2_32:WS2_32.dll
 0001:00011098       sendto                     0000000180012098 f   ws2_32:WS2_32.dll
 0001:0001109e       socket                     000000018001209e f   ws2_32:WS2_32.dll
 0001:000110a4       acl_msg_warn               00000001800120a4 f   lib_acl_d:lib_acl_d.dll
 0001:000110aa       acl_msg_error              00000001800120aa f   lib_acl_d:lib_acl_d.dll
 0001:000110b0       acl_msg_fatal              00000001800120b0 f   lib_acl_d:lib_acl_d.dll
 0001:000110b6       acl_last_serror            00000001800120b6 f   lib_acl_d:lib_acl_d.dll
 0001:000110bc       acl_calloc_glue            00000001800120bc f   lib_acl_d:lib_acl_d.dll
 0001:000110c2       acl_free_glue              00000001800120c2 f   lib_acl_d:lib_acl_d.dll
 0001:000110c8       acl_aio_ctl                00000001800120c8 f   lib_acl_d:lib_acl_d.dll
 0001:000110ce       acl_aio_vstream            00000001800120ce f   lib_acl_d:lib_acl_d.dll
 0001:000110d4       acl_aio_gets_peek          00000001800120d4 f   lib_acl_d:lib_acl_d.dll
 0001:000110da       acl_aio_gets_nonl_peek     00000001800120da f   lib_acl_d:lib_acl_d.dll
 0001:000110e0       acl_aio_read_peek          00000001800120e0 f   lib_acl_d:lib_acl_d.dll
 0001:000110e6       acl_aio_readn_peek         00000001800120e6 f   lib_acl_d:lib_acl_d.dll
 0001:000110ec       acl_aio_enable_read        00000001800120ec f   lib_acl_d:lib_acl_d.dll
 0001:000110f2       acl_aio_can_read           00000001800120f2 f   lib_acl_d:lib_acl_d.dll
 0001:000110f8       acl_aio_disable_read       00000001800120f8 f   lib_acl_d:lib_acl_d.dll
 0001:000110fe       acl_vstream_gets           00000001800120fe f   lib_acl_d:lib_acl_d.dll
 0001:00011104       acl_vstream_gets_nonl      0000000180012104 f   lib_acl_d:lib_acl_d.dll
 0001:0001110a       acl_vstream_read           000000018001210a f   lib_acl_d:lib_acl_d.dll
 0001:00011110       acl_msg_panic              0000000180012110 f   lib_acl_d:lib_acl_d.dll
 0001:00011116       acl_last_strerror          0000000180012116 f   lib_acl_d:lib_acl_d.dll
 0001:0001111c       acl_array_create           000000018001211c f   lib_acl_d:lib_acl_d.dll
 0001:00011122       acl_array_clean            0000000180012122 f   lib_acl_d:lib_acl_d.dll
 0001:00011128       acl_array_free             0000000180012128 f   lib_acl_d:lib_acl_d.dll
 0001:0001112e       acl_array_append           000000018001212e f   lib_acl_d:lib_acl_d.dll
 0001:00011134       acl_array_delete_obj       0000000180012134 f   lib_acl_d:lib_acl_d.dll
 0001:0001113a       acl_array_index            000000018001213a f   lib_acl_d:lib_acl_d.dll
 0001:00011140       acl_array_size             0000000180012140 f   lib_acl_d:lib_acl_d.dll
 0001:00011146       acl_vstring_alloc          0000000180012146 f   lib_acl_d:lib_acl_d.dll
 0001:0001114c       acl_vstring_free           000000018001214c f   lib_acl_d:lib_acl_d.dll
 0001:00011152       acl_vstring_strcat         0000000180012152 f   lib_acl_d:lib_acl_d.dll
 0001:00011158       acl_vstring_strncat        0000000180012158 f   lib_acl_d:lib_acl_d.dll
 0001:0001115e       acl_vstring_sprintf        000000018001215e f   lib_acl_d:lib_acl_d.dll
 0001:00011164       acl_vstring_sprintf_append 0000000180012164 f   lib_acl_d:lib_acl_d.dll
 0001:0001116a       acl_vstream_fprintf        000000018001216a f   lib_acl_d:lib_acl_d.dll
 0001:00011170       acl_msg_info               0000000180012170 f   lib_acl_d:lib_acl_d.dll
 0001:00011176       acl_malloc_glue            0000000180012176 f   lib_acl_d:lib_acl_d.dll
 0001:0001117c       acl_strdup_glue            000000018001217c f   lib_acl_d:lib_acl_d.dll
 0001:00011182       acl_free_fn_glue           0000000180012182 f   lib_acl_d:lib_acl_d.dll
 0001:00011188       acl_strcasestr             0000000180012188 f   lib_acl_d:lib_acl_d.dll
 0001:0001118e       acl_strcasecmp             000000018001218e f   lib_acl_d:lib_acl_d.dll
 0001:00011194       acl_strncasecmp            0000000180012194 f   lib_acl_d:lib_acl_d.dll
 0001:0001119a       acl_atoui64                000000018001219a f   lib_acl_d:lib_acl_d.dll
 0001:000111a0       acl_vstring_vsprintf_append 00000001800121a0 f   lib_acl_d:lib_acl_d.dll
 0001:000111a6       acl_main_thread_self       00000001800121a6 f   lib_acl_d:lib_acl_d.dll
 0001:000111ac       acl_pthread_once           00000001800121ac f   lib_acl_d:lib_acl_d.dll
 0001:000111b2       acl_pthread_key_create     00000001800121b2 f   lib_acl_d:lib_acl_d.dll
 0001:000111b8       acl_pthread_getspecific    00000001800121b8 f   lib_acl_d:lib_acl_d.dll
 0001:000111be       acl_pthread_setspecific    00000001800121be f   lib_acl_d:lib_acl_d.dll
 0001:000111c4       acl_pthread_self           00000001800121c4 f   lib_acl_d:lib_acl_d.dll
 0001:000111ca       acl_pthread_tls_get        00000001800121ca f   lib_acl_d:lib_acl_d.dll
 0001:000111d0       acl_pthread_tls_set        00000001800121d0 f   lib_acl_d:lib_acl_d.dll
 0001:000111d6       acl_htable_create          00000001800121d6 f   lib_acl_d:lib_acl_d.dll
 0001:000111dc       acl_htable_enter           00000001800121dc f   lib_acl_d:lib_acl_d.dll
 0001:000111e2       acl_htable_find            00000001800121e2 f   lib_acl_d:lib_acl_d.dll
 0001:000111e8       acl_htable_free            00000001800121e8 f   lib_acl_d:lib_acl_d.dll
 0001:000111ee       acl_htable_reset           00000001800121ee f   lib_acl_d:lib_acl_d.dll
 0001:000111f4       acl_htable_walk            00000001800121f4 f   lib_acl_d:lib_acl_d.dll
 0001:000111fa       acl_vbuf_put               00000001800121fa f   lib_acl_d:lib_acl_d.dll
 0001:00011200       acl_vstring_strcpy         0000000180012200 f   lib_acl_d:lib_acl_d.dll
 0001:00011206       acl_vstring_strncpy        0000000180012206 f   lib_acl_d:lib_acl_d.dll
 0001:0001120c       acl_vstring_export         000000018001220c f   lib_acl_d:lib_acl_d.dll
 0001:00011212       acl_argv_free              0000000180012212 f   lib_acl_d:lib_acl_d.dll
 0001:00011218       acl_argv_index             0000000180012218 f   lib_acl_d:lib_acl_d.dll
 0001:0001121e       acl_argv_split             000000018001221e f   lib_acl_d:lib_acl_d.dll
 0001:00011224       acl_atoi64                 0000000180012224 f   lib_acl_d:lib_acl_d.dll
 0001:0001122a       acl_vstream_fopen          000000018001222a f   lib_acl_d:lib_acl_d.dll
 0001:00011230       acl_vstream_close          0000000180012230 f   lib_acl_d:lib_acl_d.dll
 0001:00011236       acl_vstream_writen         0000000180012236 f   lib_acl_d:lib_acl_d.dll
 0001:0001123c       acl_concatenate            000000018001223c f   lib_acl_d:lib_acl_d.dll
 0001:00011242       acl_vstream_connect        0000000180012242 f   lib_acl_d:lib_acl_d.dll
 0001:00011248       acl_ring_init              0000000180012248 f   lib_acl_d:lib_acl_d.dll
 0001:0001124e       acl_ring_size              000000018001224e f   lib_acl_d:lib_acl_d.dll
 0001:00011254       acl_atomic_new             0000000180012254 f   lib_acl_d:lib_acl_d.dll
 0001:0001125a       acl_atomic_free            000000018001225a f   lib_acl_d:lib_acl_d.dll
 0001:00011260       acl_atomic_set             0000000180012260 f   lib_acl_d:lib_acl_d.dll
 0001:00011266       acl_atomic_int64_fetch_add 0000000180012266 f   lib_acl_d:lib_acl_d.dll
 0001:0001126c       acl_ring_pop_head          000000018001226c f   lib_acl_d:lib_acl_d.dll
 0001:00011272       acl_aio_set_delay_sec      0000000180012272 f   lib_acl_d:lib_acl_d.dll
 0001:00011278       acl_aio_set_delay_usec     0000000180012278 f   lib_acl_d:lib_acl_d.dll
 0001:0001127e       acl_aio_read               000000018001227e f   lib_acl_d:lib_acl_d.dll
 0001:00011284       acl_aio_request_timer      0000000180012284 f   lib_acl_d:lib_acl_d.dll
 0001:0001128a       gettimeofday               000000018001228a f   lib_acl_d:lib_acl_d.dll
 0001:00011290       acl_read_select_wait       0000000180012290 f   lib_acl_d:lib_acl_d.dll
 0001:00011296       acl_doze                   0000000180012296 f   lib_acl_d:lib_acl_d.dll
 0001:0001129c       acl_ring_prepend           000000018001229c f   lib_acl_d:lib_acl_d.dll
 0001:000112a2       acl_vstream_fdopen         00000001800122a2 f   lib_acl_d:lib_acl_d.dll
 0001:000112a8       acl_vstream_ctl            00000001800122a8 f   lib_acl_d:lib_acl_d.dll
 0001:000112ae       acl_aio_open               00000001800122ae f   lib_acl_d:lib_acl_d.dll
 0001:000112b4       acl_aio_iocp_close         00000001800122b4 f   lib_acl_d:lib_acl_d.dll
 0001:000112ba       acl_ring_detach            00000001800122ba f   lib_acl_d:lib_acl_d.dll
 0001:000112c0       acl_vstream_vfprintf       00000001800122c0 f   lib_acl_d:lib_acl_d.dll
 0001:000112c6       acl_base64_encode          00000001800122c6 f   lib_acl_d:lib_acl_d.dll
 0001:000112cc       strcmp                     00000001800122cc f   MSVCRTD:MSVCR120D.dll
 0001:000112d2       strchr                     00000001800122d2 f   MSVCRTD:MSVCR120D.dll
 0001:000112d8       strtoul                    00000001800122d8 f   MSVCRTD:MSVCR120D.dll
 0001:000112e0       _RTC_AllocaHelper          00000001800122e0 f   MSVCRTD:stack.obj
 0001:00011320       _RTC_CheckStackVars        0000000180012320 f   MSVCRTD:stack.obj
 0001:000113b0       _RTC_CheckStackVars2       00000001800123b0 f   MSVCRTD:stack.obj
 0001:000114c0       _RTC_InitBase              00000001800124c0 f   MSVCRTD:init.obj
 0001:00011500       _RTC_Shutdown              0000000180012500 f   MSVCRTD:init.obj
 0001:00011524       sscanf_s                   0000000180012524 f   MSVCRTD:MSVCR120D.dll
 0001:00011530       __GSHandlerCheck           0000000180012530 f   MSVCRTD:gshandler.obj
 0001:00011570       __GSHandlerCheckCommon     0000000180012570 f   MSVCRTD:gshandler.obj
 0001:00011680       __chkstk                   0000000180012680 f   MSVCRTD:chkstk.obj
 0001:00011680       _alloca_probe              0000000180012680 f   MSVCRTD:chkstk.obj
 0001:000116e0       __security_check_cookie    00000001800126e0 f   MSVCRTD:amdsecgs.obj
 0001:00011700       printf                     0000000180012700 f   MSVCRTD:MSVCR120D.dll
 0001:00011706       memcpy                     0000000180012706 f   MSVCRTD:MSVCR120D.dll
 0001:0001170c       strlen                     000000018001270c f   MSVCRTD:MSVCR120D.dll
 0001:00011712       strstr                     0000000180012712 f   MSVCRTD:MSVCR120D.dll
 0001:00011720       __raise_securityfailure    0000000180012720 f   MSVCRTD:gs_report.obj
 0001:00011770       __report_gsfailure         0000000180012770 f   MSVCRTD:gs_report.obj
 0001:00011850       __report_rangecheckfailure 0000000180012850 f   MSVCRTD:gs_report.obj
 0001:00011870       __report_securityfailure   0000000180012870 f   MSVCRTD:gs_report.obj
 0001:00011910       __report_securityfailureEx 0000000180012910 f   MSVCRTD:gs_report.obj
 0001:00011a1e       _time64                    0000000180012a1e f   MSVCRTD:MSVCR120D.dll
 0001:00011a30       __atonexitinit             0000000180012a30 f   MSVCRTD:atonexit.obj
 0001:00011b20       _onexit                    0000000180012b20 f   MSVCRTD:atonexit.obj
 0001:00011bf0       atexit                     0000000180012bf0 f   MSVCRTD:atonexit.obj
 0001:00011c24       atoi                       0000000180012c24 f   MSVCRTD:MSVCR120D.dll
 0001:00011c2a       strftime                   0000000180012c2a f   MSVCRTD:MSVCR120D.dll
 0001:00011c30       _gmtime64_s                0000000180012c30 f   MSVCRTD:MSVCR120D.dll
 0001:00011c36       _getpid                    0000000180012c36 f   MSVCRTD:MSVCR120D.dll
 0001:00011c3c       abort                      0000000180012c3c f   MSVCRTD:MSVCR120D.dll
 0001:00011c42       memset                     0000000180012c42 f   MSVCRTD:MSVCR120D.dll
 0001:00011c48       _vsnprintf_s               0000000180012c48 f   MSVCRTD:MSVCR120D.dll
 0001:00011c4e       strncmp                    0000000180012c4e f   MSVCRTD:MSVCR120D.dll
 0001:00011cf0       NtCurrentTeb               0000000180012cf0 f i MSVCRTD:crtdll.obj
 0001:00011d00       _CRT_INIT                  0000000180012d00 f   MSVCRTD:crtdll.obj
 0001:000120b0       _DllMainCRTStartup         00000001800130b0 f   MSVCRTD:crtdll.obj
 0001:00012310       ?_RTC_AllocaFailure@@YAXPEAXPEAU_RTC_ALLOCA_NODE@@H@Z 0000000180013310 f   MSVCRTD:error.obj
 0001:000124d0       ?_RTC_Failure@@YAXPEAXH@Z  00000001800134d0 f   MSVCRTD:error.obj
 0001:00012520       ?_RTC_StackFailure@@YAXPEAXPEBD@Z 0000000180013520 f   MSVCRTD:error.obj
 0001:00012980       _RTC_UninitUse             0000000180013980 f   MSVCRTD:error.obj
 0001:00012aa0       ?_RTC_GetErrorFunc@@YAP6AHHPEBDH00ZZPEBX@Z 0000000180013aa0 f   MSVCRTD:userapi.obj
 0001:00012ab0       ?_RTC_GetErrorFuncW@@YAP6AHHPEB_WH00ZZPEBX@Z 0000000180013ab0 f   MSVCRTD:userapi.obj
 0001:00012ac0       _RTC_GetErrDesc            0000000180013ac0 f   MSVCRTD:userapi.obj
 0001:00012ae0       _RTC_NumErrors             0000000180013ae0 f   MSVCRTD:userapi.obj
 0001:00012af0       _RTC_SetErrorFunc          0000000180013af0 f   MSVCRTD:userapi.obj
 0001:00012b10       _RTC_SetErrorFuncW         0000000180013b10 f   MSVCRTD:userapi.obj
 0001:00012b30       _RTC_SetErrorType          0000000180013b30 f   MSVCRTD:userapi.obj
 0001:00012b4e       _CRT_RTC_INITW             0000000180013b4e f   MSVCRTD:MSVCR120D.dll
 0001:00012b54       __crt_debugger_hook        0000000180013b54 f   MSVCRTD:MSVCR120D.dll
 0001:00012b5a       __crtUnhandledException    0000000180013b5a f   MSVCRTD:MSVCR120D.dll
 0001:00012b60       __crtTerminateProcess      0000000180013b60 f   MSVCRTD:MSVCR120D.dll
 0001:00012b66       __crtCaptureCurrentContext 0000000180013b66 f   MSVCRTD:MSVCR120D.dll
 0001:00012b6c       __crtCapturePreviousContext 0000000180013b6c f   MSVCRTD:MSVCR120D.dll
 0001:00012b72       _lock                      0000000180013b72 f   MSVCRTD:MSVCR120D.dll
 0001:00012b78       _unlock                    0000000180013b78 f   MSVCRTD:MSVCR120D.dll
 0001:00012b7e       _CrtDbgReportW             0000000180013b7e f   MSVCRTD:MSVCR120D.dll
 0001:00012b84       _calloc_dbg                0000000180013b84 f   MSVCRTD:MSVCR120D.dll
 0001:00012b8a       __dllonexit                0000000180013b8a f   MSVCRTD:MSVCR120D.dll
 0001:00012b90       __C_specific_handler       0000000180013b90 f   MSVCRTD:MSVCR120D.dll
 0001:00012b96       __CppXcptFilter            0000000180013b96 f   MSVCRTD:MSVCR120D.dll
 0001:00012b9c       _amsg_exit                 0000000180013b9c f   MSVCRTD:MSVCR120D.dll
 0001:00012ba2       _malloc_dbg                0000000180013ba2 f   MSVCRTD:MSVCR120D.dll
 0001:00012ba8       _free_dbg                  0000000180013ba8 f   MSVCRTD:MSVCR120D.dll
 0001:00012bae       _CrtSetCheckCount          0000000180013bae f   MSVCRTD:MSVCR120D.dll
 0001:00012bc0       _FindPESection             0000000180013bc0 f   MSVCRTD:pesect.obj
 0001:00012c70       _IsNonwritableInCurrentImage 0000000180013c70 f   MSVCRTD:pesect.obj
 0001:00012d00       _ValidateImageBase         0000000180013d00 f   MSVCRTD:pesect.obj
 0001:00012d80       __security_init_cookie     0000000180013d80 f   MSVCRTD:gs_support.obj
 0001:00012ea0       DllMain                    0000000180013ea0 f   MSVCRTD:dllmain.obj
 0001:00012ee0       _RTC_Initialize            0000000180013ee0 f   MSVCRTD:initsect.obj
 0001:00012f20       _RTC_Terminate             0000000180013f20 f   MSVCRTD:initsect.obj
 0001:00012f5e       _initterm                  0000000180013f5e f   MSVCRTD:MSVCR120D.dll
 0001:00012f64       _initterm_e                0000000180013f64 f   MSVCRTD:MSVCR120D.dll
 0001:00012f70       __clean_type_info_names    0000000180013f70 f   MSVCRTD:tncleanup.obj
 0001:00013450       ?_RTC_GetSrcLine@@YAHPEAEPEA_WKPEAH1K@Z 0000000180014450 f   MSVCRTD:pdblkup.obj
 0001:000137da       __clean_type_info_names_internal 00000001800147da f   MSVCRTD:MSVCR120D.dll
 0001:000137e0       wcscpy_s                   00000001800147e0 f   MSVCRTD:MSVCR120D.dll
 0001:000137e6       _wmakepath_s               00000001800147e6 f   MSVCRTD:MSVCR120D.dll
 0001:000137ec       _wsplitpath_s              00000001800147ec f   MSVCRTD:MSVCR120D.dll
 0001:000137f2       IsDebuggerPresent          00000001800147f2 f   kernel32:KERNEL32.dll
 0001:000137f8       IsProcessorFeaturePresent  00000001800147f8 f   kernel32:KERNEL32.dll
 0001:000137fe       EncodePointer              00000001800147fe f   kernel32:KERNEL32.dll
 0001:00013804       DecodePointer              0000000180014804 f   kernel32:KERNEL32.dll
 0001:0001380a       RaiseException             000000018001480a f   kernel32:KERNEL32.dll
 0001:00013810       GetLastError               0000000180014810 f   kernel32:KERNEL32.dll
 0001:00013816       GetProcAddress             0000000180014816 f   kernel32:KERNEL32.dll
 0001:0001381c       LoadLibraryExW             000000018001481c f   kernel32:KERNEL32.dll
 0001:00013822       MultiByteToWideChar        0000000180014822 f   kernel32:KERNEL32.dll
 0001:00013828       WideCharToMultiByte        0000000180014828 f   kernel32:KERNEL32.dll
 0001:0001382e       QueryPerformanceCounter    000000018001482e f   kernel32:KERNEL32.dll
 0001:00013834       GetCurrentProcessId        0000000180014834 f   kernel32:KERNEL32.dll
 0001:0001383a       GetCurrentThreadId         000000018001483a f   kernel32:KERNEL32.dll
 0001:00013840       GetSystemTimeAsFileTime    0000000180014840 f   kernel32:KERNEL32.dll
 0001:00013846       DisableThreadLibraryCalls  0000000180014846 f   kernel32:KERNEL32.dll
 0001:0001384c       HeapAlloc                  000000018001484c f   kernel32:KERNEL32.dll
 0001:00013852       HeapFree                   0000000180014852 f   kernel32:KERNEL32.dll
 0001:00013858       GetProcessHeap             0000000180014858 f   kernel32:KERNEL32.dll
 0001:0001385e       VirtualQuery               000000018001485e f   kernel32:KERNEL32.dll
 0001:00013864       FreeLibrary                0000000180014864 f   kernel32:KERNEL32.dll
 0001:0001386a       GetModuleFileNameW         000000018001486a f   kernel32:KERNEL32.dll
 0001:00013870       GetModuleHandleW           0000000180014870 f   kernel32:KERNEL32.dll
 0002:00000000       __imp_IsProcessorFeaturePresent 0000000180015000     kernel32:KERNEL32.dll
 0002:00000008       __imp_EncodePointer        0000000180015008     kernel32:KERNEL32.dll
 0002:00000010       __imp_DecodePointer        0000000180015010     kernel32:KERNEL32.dll
 0002:00000018       __imp_RaiseException       0000000180015018     kernel32:KERNEL32.dll
 0002:00000020       __imp_GetLastError         0000000180015020     kernel32:KERNEL32.dll
 0002:00000028       __imp_GetModuleHandleW     0000000180015028     kernel32:KERNEL32.dll
 0002:00000030       __imp_GetModuleFileNameW   0000000180015030     kernel32:KERNEL32.dll
 0002:00000038       __imp_FreeLibrary          0000000180015038     kernel32:KERNEL32.dll
 0002:00000040       __imp_VirtualQuery         0000000180015040     kernel32:KERNEL32.dll
 0002:00000048       __imp_GetProcessHeap       0000000180015048     kernel32:KERNEL32.dll
 0002:00000050       __imp_HeapFree             0000000180015050     kernel32:KERNEL32.dll
 0002:00000058       __imp_HeapAlloc            0000000180015058     kernel32:KERNEL32.dll
 0002:00000060       __imp_DisableThreadLibraryCalls 0000000180015060     kernel32:KERNEL32.dll
 0002:00000068       __imp_GetSystemTimeAsFileTime 0000000180015068     kernel32:KERNEL32.dll
 0002:00000070       __imp_GetCurrentThreadId   0000000180015070     kernel32:KERNEL32.dll
 0002:00000078       __imp_GetCurrentProcessId  0000000180015078     kernel32:KERNEL32.dll
 0002:00000080       __imp_QueryPerformanceCounter 0000000180015080     kernel32:KERNEL32.dll
 0002:00000088       __imp_WideCharToMultiByte  0000000180015088     kernel32:KERNEL32.dll
 0002:00000090       __imp_MultiByteToWideChar  0000000180015090     kernel32:KERNEL32.dll
 0002:00000098       __imp_LoadLibraryExW       0000000180015098     kernel32:KERNEL32.dll
 0002:000000a0       __imp_GetProcAddress       00000001800150a0     kernel32:KERNEL32.dll
 0002:000000a8       __imp_IsDebuggerPresent    00000001800150a8     kernel32:KERNEL32.dll
 0002:000000b0       \177KERNEL32_NULL_THUNK_DATA 00000001800150b0     kernel32:KERNEL32.dll
 0002:000000b8       __imp_sscanf_s             00000001800150b8     MSVCRTD:MSVCR120D.dll
 0002:000000c0       __imp_strtoul              00000001800150c0     MSVCRTD:MSVCR120D.dll
 0002:000000c8       __imp_strchr               00000001800150c8     MSVCRTD:MSVCR120D.dll
 0002:000000d0       __imp_printf               00000001800150d0     MSVCRTD:MSVCR120D.dll
 0002:000000d8       __imp_memcpy               00000001800150d8     MSVCRTD:MSVCR120D.dll
 0002:000000e0       __imp__wsplitpath_s        00000001800150e0     MSVCRTD:MSVCR120D.dll
 0002:000000e8       __imp__wmakepath_s         00000001800150e8     MSVCRTD:MSVCR120D.dll
 0002:000000f0       __imp_wcscpy_s             00000001800150f0     MSVCRTD:MSVCR120D.dll
 0002:000000f8       __imp___clean_type_info_names_internal 00000001800150f8     MSVCRTD:MSVCR120D.dll
 0002:00000100       __imp__initterm_e          0000000180015100     MSVCRTD:MSVCR120D.dll
 0002:00000108       __imp__initterm            0000000180015108     MSVCRTD:MSVCR120D.dll
 0002:00000110       __imp__CrtSetCheckCount    0000000180015110     MSVCRTD:MSVCR120D.dll
 0002:00000118       __imp__free_dbg            0000000180015118     MSVCRTD:MSVCR120D.dll
 0002:00000120       __imp__malloc_dbg          0000000180015120     MSVCRTD:MSVCR120D.dll
 0002:00000128       __imp__amsg_exit           0000000180015128     MSVCRTD:MSVCR120D.dll
 0002:00000130       __imp___CppXcptFilter      0000000180015130     MSVCRTD:MSVCR120D.dll
 0002:00000138       __imp__onexit              0000000180015138     MSVCRTD:MSVCR120D.dll
 0002:00000140       __imp___C_specific_handler 0000000180015140     MSVCRTD:MSVCR120D.dll
 0002:00000148       __imp___dllonexit          0000000180015148     MSVCRTD:MSVCR120D.dll
 0002:00000150       __imp__calloc_dbg          0000000180015150     MSVCRTD:MSVCR120D.dll
 0002:00000158       __imp__CrtDbgReportW       0000000180015158     MSVCRTD:MSVCR120D.dll
 0002:00000160       __imp__unlock              0000000180015160     MSVCRTD:MSVCR120D.dll
 0002:00000168       __imp__lock                0000000180015168     MSVCRTD:MSVCR120D.dll
 0002:00000170       __imp___crtCapturePreviousContext 0000000180015170     MSVCRTD:MSVCR120D.dll
 0002:00000178       __imp___crtCaptureCurrentContext 0000000180015178     MSVCRTD:MSVCR120D.dll
 0002:00000180       __imp___crtTerminateProcess 0000000180015180     MSVCRTD:MSVCR120D.dll
 0002:00000188       __imp___crtUnhandledException 0000000180015188     MSVCRTD:MSVCR120D.dll
 0002:00000190       __imp___crt_debugger_hook  0000000180015190     MSVCRTD:MSVCR120D.dll
 0002:00000198       __imp__CRT_RTC_INITW       0000000180015198     MSVCRTD:MSVCR120D.dll
 0002:000001a0       __imp_strncmp              00000001800151a0     MSVCRTD:MSVCR120D.dll
 0002:000001a8       __imp__vsnprintf_s         00000001800151a8     MSVCRTD:MSVCR120D.dll
 0002:000001b0       __imp_memset               00000001800151b0     MSVCRTD:MSVCR120D.dll
 0002:000001b8       __imp_abort                00000001800151b8     MSVCRTD:MSVCR120D.dll
 0002:000001c0       __imp__getpid              00000001800151c0     MSVCRTD:MSVCR120D.dll
 0002:000001c8       __imp__gmtime64_s          00000001800151c8     MSVCRTD:MSVCR120D.dll
 0002:000001d0       __imp_strftime             00000001800151d0     MSVCRTD:MSVCR120D.dll
 0002:000001d8       __imp_atoi                 00000001800151d8     MSVCRTD:MSVCR120D.dll
 0002:000001e0       __imp__time64              00000001800151e0     MSVCRTD:MSVCR120D.dll
 0002:000001e8       __imp_strstr               00000001800151e8     MSVCRTD:MSVCR120D.dll
 0002:000001f0       __imp_strlen               00000001800151f0     MSVCRTD:MSVCR120D.dll
 0002:000001f8       __imp_strcmp               00000001800151f8     MSVCRTD:MSVCR120D.dll
 0002:00000200       \177MSVCR120D_NULL_THUNK_DATA 0000000180015200     MSVCRTD:MSVCR120D.dll
 0002:00000208       __imp_sendto               0000000180015208     ws2_32:WS2_32.dll
 0002:00000210       __imp_recvfrom             0000000180015210     ws2_32:WS2_32.dll
 0002:00000218       __imp_inet_ntoa            0000000180015218     ws2_32:WS2_32.dll
 0002:00000220       __imp_socket               0000000180015220     ws2_32:WS2_32.dll
 0002:00000228       __imp_inet_addr            0000000180015228     ws2_32:WS2_32.dll
 0002:00000230       \177WS2_32_NULL_THUNK_DATA 0000000180015230     ws2_32:WS2_32.dll
 0002:00000238       __imp_acl_vstream_fopen    0000000180015238     lib_acl_d:lib_acl_d.dll
 0002:00000240       __imp_acl_vstream_close    0000000180015240     lib_acl_d:lib_acl_d.dll
 0002:00000248       __imp_acl_vstream_writen   0000000180015248     lib_acl_d:lib_acl_d.dll
 0002:00000250       __imp_acl_concatenate      0000000180015250     lib_acl_d:lib_acl_d.dll
 0002:00000258       __imp_acl_vstream_connect  0000000180015258     lib_acl_d:lib_acl_d.dll
 0002:00000260       __imp_acl_ring_init        0000000180015260     lib_acl_d:lib_acl_d.dll
 0002:00000268       __imp_acl_ring_size        0000000180015268     lib_acl_d:lib_acl_d.dll
 0002:00000270       __imp_acl_atomic_new       0000000180015270     lib_acl_d:lib_acl_d.dll
 0002:00000278       __imp_acl_atomic_free      0000000180015278     lib_acl_d:lib_acl_d.dll
 0002:00000280       __imp_acl_atomic_set       0000000180015280     lib_acl_d:lib_acl_d.dll
 0002:00000288       __imp_acl_atomic_int64_fetch_add 0000000180015288     lib_acl_d:lib_acl_d.dll
 0002:00000290       __imp_acl_atoi64           0000000180015290     lib_acl_d:lib_acl_d.dll
 0002:00000298       __imp_acl_aio_set_delay_sec 0000000180015298     lib_acl_d:lib_acl_d.dll
 0002:000002a0       __imp_acl_aio_set_delay_usec 00000001800152a0     lib_acl_d:lib_acl_d.dll
 0002:000002a8       __imp_acl_aio_read         00000001800152a8     lib_acl_d:lib_acl_d.dll
 0002:000002b0       __imp_acl_aio_request_timer 00000001800152b0     lib_acl_d:lib_acl_d.dll
 0002:000002b8       __imp_gettimeofday         00000001800152b8     lib_acl_d:lib_acl_d.dll
 0002:000002c0       __imp_acl_read_select_wait 00000001800152c0     lib_acl_d:lib_acl_d.dll
 0002:000002c8       __imp_acl_doze             00000001800152c8     lib_acl_d:lib_acl_d.dll
 0002:000002d0       __imp_acl_ring_prepend     00000001800152d0     lib_acl_d:lib_acl_d.dll
 0002:000002d8       __imp_acl_vstream_fdopen   00000001800152d8     lib_acl_d:lib_acl_d.dll
 0002:000002e0       __imp_acl_vstream_ctl      00000001800152e0     lib_acl_d:lib_acl_d.dll
 0002:000002e8       __imp_acl_aio_open         00000001800152e8     lib_acl_d:lib_acl_d.dll
 0002:000002f0       __imp_acl_aio_iocp_close   00000001800152f0     lib_acl_d:lib_acl_d.dll
 0002:000002f8       __imp_acl_ring_detach      00000001800152f8     lib_acl_d:lib_acl_d.dll
 0002:00000300       __imp_acl_vstream_vfprintf 0000000180015300     lib_acl_d:lib_acl_d.dll
 0002:00000308       __imp_acl_base64_encode    0000000180015308     lib_acl_d:lib_acl_d.dll
 0002:00000310       __imp_acl_argv_split       0000000180015310     lib_acl_d:lib_acl_d.dll
 0002:00000318       __imp_acl_argv_index       0000000180015318     lib_acl_d:lib_acl_d.dll
 0002:00000320       __imp_acl_argv_free        0000000180015320     lib_acl_d:lib_acl_d.dll
 0002:00000328       __imp_acl_vstring_export   0000000180015328     lib_acl_d:lib_acl_d.dll
 0002:00000330       __imp_acl_vstring_strncpy  0000000180015330     lib_acl_d:lib_acl_d.dll
 0002:00000338       __imp_acl_vstring_strcpy   0000000180015338     lib_acl_d:lib_acl_d.dll
 0002:00000340       __imp_acl_vbuf_put         0000000180015340     lib_acl_d:lib_acl_d.dll
 0002:00000348       __imp_acl_htable_walk      0000000180015348     lib_acl_d:lib_acl_d.dll
 0002:00000350       __imp_acl_htable_reset     0000000180015350     lib_acl_d:lib_acl_d.dll
 0002:00000358       __imp_acl_htable_free      0000000180015358     lib_acl_d:lib_acl_d.dll
 0002:00000360       __imp_acl_htable_find      0000000180015360     lib_acl_d:lib_acl_d.dll
 0002:00000368       __imp_acl_htable_enter     0000000180015368     lib_acl_d:lib_acl_d.dll
 0002:00000370       __imp_acl_htable_create    0000000180015370     lib_acl_d:lib_acl_d.dll
 0002:00000378       __imp_acl_pthread_tls_set  0000000180015378     lib_acl_d:lib_acl_d.dll
 0002:00000380       __imp_acl_pthread_tls_get  0000000180015380     lib_acl_d:lib_acl_d.dll
 0002:00000388       __imp_acl_pthread_self     0000000180015388     lib_acl_d:lib_acl_d.dll
 0002:00000390       __imp_acl_pthread_setspecific 0000000180015390     lib_acl_d:lib_acl_d.dll
 0002:00000398       __imp_acl_pthread_getspecific 0000000180015398     lib_acl_d:lib_acl_d.dll
 0002:000003a0       __imp_acl_pthread_key_create 00000001800153a0     lib_acl_d:lib_acl_d.dll
 0002:000003a8       __imp_acl_pthread_once     00000001800153a8     lib_acl_d:lib_acl_d.dll
 0002:000003b0       __imp_acl_main_thread_self 00000001800153b0     lib_acl_d:lib_acl_d.dll
 0002:000003b8       __imp_acl_vstring_vsprintf_append 00000001800153b8     lib_acl_d:lib_acl_d.dll
 0002:000003c0       __imp_acl_atoui64          00000001800153c0     lib_acl_d:lib_acl_d.dll
 0002:000003c8       __imp_acl_strncasecmp      00000001800153c8     lib_acl_d:lib_acl_d.dll
 0002:000003d0       __imp_acl_strcasecmp       00000001800153d0     lib_acl_d:lib_acl_d.dll
 0002:000003d8       __imp_acl_strcasestr       00000001800153d8     lib_acl_d:lib_acl_d.dll
 0002:000003e0       __imp_acl_free_fn_glue     00000001800153e0     lib_acl_d:lib_acl_d.dll
 0002:000003e8       __imp_acl_strdup_glue      00000001800153e8     lib_acl_d:lib_acl_d.dll
 0002:000003f0       __imp_acl_malloc_glue      00000001800153f0     lib_acl_d:lib_acl_d.dll
 0002:000003f8       __imp_acl_msg_info         00000001800153f8     lib_acl_d:lib_acl_d.dll
 0002:00000400       __imp_acl_vstream_fprintf  0000000180015400     lib_acl_d:lib_acl_d.dll
 0002:00000408       __imp_acl_vstring_sprintf_append 0000000180015408     lib_acl_d:lib_acl_d.dll
 0002:00000410       __imp_acl_vstring_sprintf  0000000180015410     lib_acl_d:lib_acl_d.dll
 0002:00000418       __imp_acl_vstring_strncat  0000000180015418     lib_acl_d:lib_acl_d.dll
 0002:00000420       __imp_acl_vstring_strcat   0000000180015420     lib_acl_d:lib_acl_d.dll
 0002:00000428       __imp_acl_vstring_free     0000000180015428     lib_acl_d:lib_acl_d.dll
 0002:00000430       __imp_acl_vstring_alloc    0000000180015430     lib_acl_d:lib_acl_d.dll
 0002:00000438       __imp_acl_array_size       0000000180015438     lib_acl_d:lib_acl_d.dll
 0002:00000440       __imp_acl_array_index      0000000180015440     lib_acl_d:lib_acl_d.dll
 0002:00000448       __imp_acl_array_delete_obj 0000000180015448     lib_acl_d:lib_acl_d.dll
 0002:00000450       __imp_acl_array_append     0000000180015450     lib_acl_d:lib_acl_d.dll
 0002:00000458       __imp_acl_array_free       0000000180015458     lib_acl_d:lib_acl_d.dll
 0002:00000460       __imp_acl_array_clean      0000000180015460     lib_acl_d:lib_acl_d.dll
 0002:00000468       __imp_acl_array_create     0000000180015468     lib_acl_d:lib_acl_d.dll
 0002:00000470       __imp_acl_last_strerror    0000000180015470     lib_acl_d:lib_acl_d.dll
 0002:00000478       __imp_acl_msg_panic        0000000180015478     lib_acl_d:lib_acl_d.dll
 0002:00000480       __imp_acl_vstream_read     0000000180015480     lib_acl_d:lib_acl_d.dll
 0002:00000488       __imp_acl_vstream_gets_nonl 0000000180015488     lib_acl_d:lib_acl_d.dll
 0002:00000490       __imp_acl_vstream_gets     0000000180015490     lib_acl_d:lib_acl_d.dll
 0002:00000498       __imp_acl_aio_disable_read 0000000180015498     lib_acl_d:lib_acl_d.dll
 0002:000004a0       __imp_acl_aio_can_read     00000001800154a0     lib_acl_d:lib_acl_d.dll
 0002:000004a8       __imp_acl_aio_enable_read  00000001800154a8     lib_acl_d:lib_acl_d.dll
 0002:000004b0       __imp_acl_aio_readn_peek   00000001800154b0     lib_acl_d:lib_acl_d.dll
 0002:000004b8       __imp_acl_aio_read_peek    00000001800154b8     lib_acl_d:lib_acl_d.dll
 0002:000004c0       __imp_acl_aio_gets_nonl_peek 00000001800154c0     lib_acl_d:lib_acl_d.dll
 0002:000004c8       __imp_acl_aio_gets_peek    00000001800154c8     lib_acl_d:lib_acl_d.dll
 0002:000004d0       __imp_acl_aio_vstream      00000001800154d0     lib_acl_d:lib_acl_d.dll
 0002:000004d8       __imp_acl_aio_ctl          00000001800154d8     lib_acl_d:lib_acl_d.dll
 0002:000004e0       __imp_acl_free_glue        00000001800154e0     lib_acl_d:lib_acl_d.dll
 0002:000004e8       __imp_acl_calloc_glue      00000001800154e8     lib_acl_d:lib_acl_d.dll
 0002:000004f0       __imp_acl_last_serror      00000001800154f0     lib_acl_d:lib_acl_d.dll
 0002:000004f8       __imp_acl_msg_fatal        00000001800154f8     lib_acl_d:lib_acl_d.dll
 0002:00000500       __imp_acl_msg_error        0000000180015500     lib_acl_d:lib_acl_d.dll
 0002:00000508       __imp_acl_msg_warn         0000000180015508     lib_acl_d:lib_acl_d.dll
 0002:00000510       __imp_acl_ring_pop_head    0000000180015510     lib_acl_d:lib_acl_d.dll
 0002:00000518       \177lib_acl_d_NULL_THUNK_DATA 0000000180015518     lib_acl_d:lib_acl_d.dll
 0002:00000520       __xc_a                     0000000180015520     MSVCRTD:cinitexe.obj
 0002:00000528       __xc_z                     0000000180015528     MSVCRTD:cinitexe.obj
 0002:00000530       __xi_a                     0000000180015530     MSVCRTD:cinitexe.obj
 0002:00000548       __xi_z                     0000000180015548     MSVCRTD:cinitexe.obj
 0002:00001420       __real@40efffe000000000    0000000180016420     icmp_pkt.obj
 0002:000014e0       __real@4059000000000000    00000001800164e0     icmp_stat.obj
 0002:000014e8       __real@408f400000000000    00000001800164e8     icmp_stat.obj
 0002:000014f0       __real@43f0000000000000    00000001800164f0     icmp_stat.obj
 0002:000016e0       ??_C@_1MC@KPMPFEII@?$AA?$CI?$AA_?$AA_?$AAo?$AAn?$AAe?$AAx?$AAi?$AAt?$AAb?$AAe?$AAg?$AAi?$AAn?$AA?5?$AA?$CB?$AA?$DN?$AA?5?$AAN?$AAU?$AAL?$AAL?$AA?5?$AA?$CG?$AA?$CG?$AA?5?$AA_?$AA_?$AAo?$AAn?$AAe?$AAx@ 00000001800166e0     MSVCRTD:atonexit.obj
 0002:000017a4       ??_C@_15GANGMFKL@?$AA?$CF?$AAs?$AA?$AA@ 00000001800167a4     MSVCRTD:atonexit.obj
 0002:000017b0       ??_C@_1FK@IGIDCAPD@?$AAf?$AA?3?$AA?2?$AAd?$AAd?$AA?2?$AAv?$AAc?$AAt?$AAo?$AAo?$AAl?$AAs?$AA?2?$AAc?$AAr?$AAt?$AA?2?$AAc?$AAr?$AAt?$AAw?$AA3?$AA2?$AA?2?$AAd?$AAl?$AAl?$AAs?$AAt?$AAu?$AAf@ 00000001800167b0     MSVCRTD:atonexit.obj
 0002:00001810       ??_C@_0CN@LMJJPMEG@f?3?2dd?2vctools?2crt?2crtw32?2dllstuf@ 0000000180016810     MSVCRTD:atonexit.obj
 0002:00001840       _pRawDllMain               0000000180016840     MSVCRTD:crtdll.obj
 0002:00001840       _pDefaultRawDllMain        0000000180016840     MSVCRTD:crtdll.obj
 0002:00001848       ??_C@_0CL@CCAGLLEM@f?3?2dd?2vctools?2crt?2crtw32?2dllstuf@ 0000000180016848     MSVCRTD:crtdll.obj
 0002:00001940       ??_C@_0NN@NGPKDKPD@The?5value?5of?5ESP?5was?5not?5properl@ 0000000180016940     MSVCRTD:error.obj
 0002:00001a20       ??_C@_0BBN@GPMLNJCF@A?5cast?5to?5a?5smaller?5data?5type?5ha@ 0000000180016a20     MSVCRTD:error.obj
 0002:00001b40       ??_C@_0BN@FFOINMNJ@Stack?5memory?5was?5corrupted?6?$AN?$AA@ 0000000180016b40     MSVCRTD:error.obj
 0002:00001b60       ??_C@_0DG@HKJMLLLP@A?5local?5variable?5was?5used?5before@ 0000000180016b60     MSVCRTD:error.obj
 0002:00001b98       ??_C@_0CM@NGINOKPC@Stack?5memory?5around?5_alloca?5was?5@ 0000000180016b98     MSVCRTD:error.obj
 0002:00001bc8       ??_C@_0BO@GNIAFIKK@Unknown?5Runtime?5Check?5Error?6?$AN?$AA@ 0000000180016bc8     MSVCRTD:error.obj
 0002:00001bf0       ??_C@_1GM@OLMCBDMB@?$AAR?$AAu?$AAn?$AAt?$AAi?$AAm?$AAe?$AA?5?$AAC?$AAh?$AAe?$AAc?$AAk?$AA?5?$AAE?$AAr?$AAr?$AAo?$AAr?$AA?4?$AA?6?$AA?$AN?$AA?5?$AAU?$AAn?$AAa?$AAb?$AAl?$AAe?$AA?5?$AAt?$AAo@ 0000000180016bf0     MSVCRTD:error.obj
 0002:00001c60       ??_C@_1EA@NFKNIFJP@?$AAR?$AAu?$AAn?$AA?9?$AAT?$AAi?$AAm?$AAe?$AA?5?$AAC?$AAh?$AAe?$AAc?$AAk?$AA?5?$AAF?$AAa?$AAi?$AAl?$AAu?$AAr?$AAe?$AA?5?$AA?$CD?$AA?$CF?$AAd?$AA?5?$AA?9?$AA?5?$AA?$CF?$AAs?$AA?$AA@ 0000000180016c60     MSVCRTD:error.obj
 0002:00001ca0       ??_C@_0BB@PFFGGCJP@Unknown?5Filename?$AA@ 0000000180016ca0     MSVCRTD:error.obj
 0002:00001cb8       ??_C@_0BE@GNBOBNCK@Unknown?5Module?5Name?$AA@ 0000000180016cb8     MSVCRTD:error.obj
 0002:00001cd0       ??_C@_0CA@IODNCDPG@Run?9Time?5Check?5Failure?5?$CD?$CFd?5?9?5?$CFs?$AA@ 0000000180016cd0     MSVCRTD:error.obj
 0002:00001cf0       ??_C@_0CG@IAFNJNEE@Stack?5corrupted?5near?5unknown?5var@ 0000000180016cf0     MSVCRTD:error.obj
 0002:00001d18       ??_C@_05MKKEDADM@?$CF?42X?5?$AA@ 0000000180016d18     MSVCRTD:error.obj
 0002:00001d20       ??_C@_1BG@OILDLIOJ@?$AAu?$AAs?$AAe?$AAr?$AA3?$AA2?$AA?4?$AAd?$AAl?$AAl?$AA?$AA@ 0000000180016d20     MSVCRTD:error.obj
 0002:00001d38       ??_C@_09FOPFMPEJ@wsprintfA?$AA@ 0000000180016d38     MSVCRTD:error.obj
 0002:00001d50       ??_C@_0EJ@LJKNEOLN@Stack?5area?5around?5_alloca?5memory@ 0000000180016d50     MSVCRTD:error.obj
 0002:00001da0       ??_C@_08OMAHNMHJ@?6Data?3?5?$DM?$AA@ 0000000180016da0     MSVCRTD:error.obj
 0002:00001db0       ??_C@_0CK@DKGBICFE@?6Allocation?5number?5within?5this?5f@ 0000000180016db0     MSVCRTD:error.obj
 0002:00001de0       ??_C@_07DFDJCKFN@?6Size?3?5?$AA@ 0000000180016de0     MSVCRTD:error.obj
 0002:00001de8       ??_C@_0N@MHFFIMFG@?6Address?3?50x?$AA@ 0000000180016de8     MSVCRTD:error.obj
 0002:00001e00       ??_C@_0EI@CLEPFNGI@Stack?5area?5around?5_alloca?5memory@ 0000000180016e00     MSVCRTD:error.obj
 0002:00001e48       ??_C@_0BE@EJFBLEMJ@?$CFs?$CFs?$CFp?$CFs?$CFI64d?$CFs?$CFd?$CFs?$AA@ 0000000180016e48     MSVCRTD:error.obj
 0002:00001e5c       ??_C@_01EEMJAFIK@?6?$AA@   0000000180016e5c     MSVCRTD:error.obj
 0002:00001e60       ??_C@_02LLMPMKNF@?$DO?5?$AA@ 0000000180016e60     MSVCRTD:error.obj
 0002:00001e68       ??_C@_08KJEDNCKC@?$CFs?$CFs?$CFs?$CFs?$AA@ 0000000180016e68     MSVCRTD:error.obj
 0002:00001e78       ??_C@_0DE@OHJBPMBP@A?5variable?5is?5being?5used?5without@ 0000000180016e78     MSVCRTD:error.obj
 0002:00001ed8       ??_C@_0BJ@HEGAHDFO@Stack?5pointer?5corruption?$AA@ 0000000180016ed8     MSVCRTD:userapi.obj
 0002:00001ef8       ??_C@_0CK@FEGOIOPB@Cast?5to?5smaller?5type?5causing?5los@ 0000000180016ef8     MSVCRTD:userapi.obj
 0002:00001f28       ??_C@_0BI@CIGMDCBH@Stack?5memory?5corruption?$AA@ 0000000180016f28     MSVCRTD:userapi.obj
 0002:00001f40       ??_C@_0CK@CNLNOEPB@Local?5variable?5used?5before?5initi@ 0000000180016f40     MSVCRTD:userapi.obj
 0002:00001f70       ??_C@_0BP@OGBCLIBO@Stack?5around?5_alloca?5corrupted?$AA@ 0000000180016f70     MSVCRTD:userapi.obj
 0002:00001f90       ?ProcessDetach@NativeDll@<CrtImplementationDetails>@@0IB 0000000180016f90     MSVCRTD:initsect.obj
 0002:00001f94       ?ProcessAttach@NativeDll@<CrtImplementationDetails>@@0IB 0000000180016f94     MSVCRTD:initsect.obj
 0002:00001f98       ?ThreadAttach@NativeDll@<CrtImplementationDetails>@@0IB 0000000180016f98     MSVCRTD:initsect.obj
 0002:00001f9c       ?ThreadDetach@NativeDll@<CrtImplementationDetails>@@0IB 0000000180016f9c     MSVCRTD:initsect.obj
 0002:00001fa0       ?ProcessVerifier@NativeDll@<CrtImplementationDetails>@@0IB 0000000180016fa0     MSVCRTD:initsect.obj
 0002:00001fa4       ?value@?$integral_constant@_N$0A@@std@@2_NB 0000000180016fa4     MSVCRTD:tncleanup.obj
 0002:00001fa5       ?value@?$integral_constant@_N$00@std@@2_NB 0000000180016fa5     MSVCRTD:tncleanup.obj
 0002:00001fa8       ?LocalIdBitWidth@CrossScopeId@CodeViewInfo@@2IB 0000000180016fa8     MSVCRTD:pdblkup.obj
 0002:00001fac       ?IdScopeBitWidth@CrossScopeId@CodeViewInfo@@2IB 0000000180016fac     MSVCRTD:pdblkup.obj
 0002:00001fb0       ?StartCrossScopeId@CrossScopeId@CodeViewInfo@@2IB 0000000180016fb0     MSVCRTD:pdblkup.obj
 0002:00001fb4       ?LocalIdMask@CrossScopeId@CodeViewInfo@@2IB 0000000180016fb4     MSVCRTD:pdblkup.obj
 0002:00001fb8       ?ScopeIdMask@CrossScopeId@CodeViewInfo@@2IB 0000000180016fb8     MSVCRTD:pdblkup.obj
 0002:00001fbc       ?MaxLocalId@CrossScopeId@CodeViewInfo@@2IB 0000000180016fbc     MSVCRTD:pdblkup.obj
 0002:00001fc0       ?MaxScopeId@CrossScopeId@CodeViewInfo@@2IB 0000000180016fc0     MSVCRTD:pdblkup.obj
 0002:00002018       ??_C@_1BK@GAEMIDIL@?$AAA?$AAD?$AAV?$AAA?$AAP?$AAI?$AA3?$AA2?$AA?4?$AAD?$AAL?$AAL?$AA?$AA@ 0000000180017018     MSVCRTD:pdblkup.obj
 0002:00002038       ??_C@_0O@COHOBMLB@RegOpenKeyExW?$AA@ 0000000180017038     MSVCRTD:pdblkup.obj
 0002:00002048       ??_C@_0BB@GLNAEDBD@RegQueryValueExW?$AA@ 0000000180017048     MSVCRTD:pdblkup.obj
 0002:00002060       ??_C@_0M@HLOHPNFA@RegCloseKey?$AA@ 0000000180017060     MSVCRTD:pdblkup.obj
 0002:00002070       ??_C@_1HE@HOJOLGOA@?$AAS?$AAO?$AAF?$AAT?$AAW?$AAA?$AAR?$AAE?$AA?2?$AAW?$AAo?$AAw?$AA6?$AA4?$AA3?$AA2?$AAN?$AAo?$AAd?$AAe?$AA?2?$AAM?$AAi?$AAc?$AAr?$AAo?$AAs?$AAo?$AAf?$AAt?$AA?2?$AAV@ 0000000180017070     MSVCRTD:pdblkup.obj
 0002:000020e8       ??_C@_1BG@EABPBLLF@?$AAP?$AAr?$AAo?$AAd?$AAu?$AAc?$AAt?$AAD?$AAi?$AAr?$AA?$AA@ 00000001800170e8     MSVCRTD:pdblkup.obj
 0002:00002120       ??_C@_1BC@EOIMGOME@?$AAM?$AAS?$AAP?$AAD?$AAB?$AA1?$AA2?$AA0?$AA?$AA@ 0000000180017120     MSVCRTD:pdblkup.obj
 0002:00002138       ??_C@_0BB@KCIACLNC@PDBOpenValidate5?$AA@ 0000000180017138     MSVCRTD:pdblkup.obj
 0002:0000214c       ??_C@_01KDCPPGHE@r?$AA@    000000018001714c     MSVCRTD:pdblkup.obj
 0002:00002150       _load_config_used          0000000180017150     MSVCRTD:loadcfg.obj
 0002:00002218       __rtc_iaa                  0000000180017218     MSVCRTD:initsect.obj
 0002:000022e0       __rtc_izz                  00000001800172e0     MSVCRTD:initsect.obj
 0002:000022e8       __rtc_taa                  00000001800172e8     MSVCRTD:initsect.obj
 0002:000023b0       __rtc_tzz                  00000001800173b0     MSVCRTD:initsect.obj
 0002:000043c4       __IMPORT_DESCRIPTOR_WS2_32 00000001800193c4     ws2_32:WS2_32.dll
 0002:000043d8       __IMPORT_DESCRIPTOR_lib_acl_d 00000001800193d8     lib_acl_d:lib_acl_d.dll
 0002:000043ec       __IMPORT_DESCRIPTOR_MSVCR120D 00000001800193ec     MSVCRTD:MSVCR120D.dll
 0002:00004400       __IMPORT_DESCRIPTOR_KERNEL32 0000000180019400     kernel32:KERNEL32.dll
 0002:00004414       __NULL_IMPORT_DESCRIPTOR   0000000180019414     ws2_32:WS2_32.dll
 0003:00001948       var_http_buf_size          000000018001c948     http_init.obj
 0003:00001950       var_http_tls_cache         000000018001c950     http_init.obj
 0003:00004b00       __security_cookie          000000018001fb00     MSVCRTD:gs_cookie.obj
 0003:00004b08       __security_cookie_complement 000000018001fb08     MSVCRTD:gs_cookie.obj
 0003:00004b10       _fltused                   000000018001fb10     MSVCRTD:dllsupp.obj
 0003:00004b18       ?_RTC_ErrorLevels@@3PAHA   000000018001fb18     MSVCRTD:error.obj
 0003:00004b2c       __native_dllmain_reason    000000018001fb2c     MSVCRTD:natstart.obj
 0003:000050f8       ?wsprintffp@@3P6AHPEADPEBDZZEA 00000001800200f8     MSVCRTD:error.obj
 0003:00005110       ?__type_info_root_node@@3U__type_info_node@@A 0000000180020110     MSVCRTD:tncleanup.obj
 0003:0000512c       __@@_PchSym_@00@UglloUzxoUoryPkilglxloUwvyftwooUhgwzucOlyq@A4F228BF08499FCE 000000018002012c     <common>
 0003:00005130       __native_startup_lock      0000000180020130     <common>
 0003:00005138       __native_startup_state     0000000180020138     <common>
 0003:00005140       __dyn_tls_init_callback    0000000180020140     <common>
 0003:00005148       __onexitend                0000000180020148     <common>
 0003:00005150       __onexitbegin              0000000180020150     <common>

 entry point at        0001:000120b0

 Static symbols

 0000:fffdc000       .debug$S                   0000000180000000     MSVCRTD:MSVCR120D.dll
 0000:fffdc000       .debug$S                   0000000180000000     MSVCRTD:MSVCR120D.dll
 0000:fffdc000       .debug$S                   0000000180000000     MSVCRTD:MSVCR120D.dll
 0000:fffdc000       .debug$S                   0000000180000000     MSVCRTD:MSVCR120D.dll
 0000:fffdc000       .debug$S                   0000000180000000     MSVCRTD:MSVCR120D.dll
 0000:fffdc000       .debug$S                   0000000180000000     MSVCRTD:MSVCR120D.dll
 0000:fffdc000       .debug$S                   0000000180000000     MSVCRTD:MSVCR120D.dll
 0000:fffdc000       .debug$S                   0000000180000000     MSVCRTD:MSVCR120D.dll
 0000:fffdc000       .debug$S                   0000000180000000     MSVCRTD:MSVCR120D.dll
 0000:fffdc000       .debug$S                   0000000180000000     MSVCRTD:MSVCR120D.dll
 0000:fffdc000       .debug$S                   0000000180000000     MSVCRTD:MSVCR120D.dll
 0000:fffdc000       .debug$S                   0000000180000000     MSVCRTD:MSVCR120D.dll
 0000:fffdc000       .debug$S                   0000000180000000     MSVCRTD:MSVCR120D.dll
 0000:fffdc000       .debug$S                   0000000180000000     MSVCRTD:MSVCR120D.dll
 0000:fffdc000       .debug$S                   0000000180000000     MSVCRTD:MSVCR120D.dll
 0000:fffdc000       .debug$S                   0000000180000000     MSVCRTD:MSVCR120D.dll
 0000:fffdc000       .debug$S                   0000000180000000     MSVCRTD:MSVCR120D.dll
 0000:fffdc000       .debug$S                   0000000180000000     MSVCRTD:MSVCR120D.dll
 0000:fffdc000       .debug$S                   0000000180000000     MSVCRTD:MSVCR120D.dll
 0000:fffdc000       .debug$S                   0000000180000000     MSVCRTD:MSVCR120D.dll
 0000:fffdc000       .debug$S                   0000000180000000     MSVCRTD:MSVCR120D.dll
 0000:fffdc000       .debug$S                   0000000180000000     MSVCRTD:MSVCR120D.dll
 0000:fffdc000       .debug$S                   0000000180000000     MSVCRTD:MSVCR120D.dll
 0000:fffdc000       .debug$S                   0000000180000000     MSVCRTD:MSVCR120D.dll
 0000:fffdc000       .debug$S                   0000000180000000     MSVCRTD:MSVCR120D.dll
 0000:fffdc000       .debug$S                   0000000180000000     MSVCRTD:MSVCR120D.dll
 0000:fffdc000       .debug$S                   0000000180000000     MSVCRTD:MSVCR120D.dll
 0000:fffdc000       .debug$S                   0000000180000000     MSVCRTD:MSVCR120D.dll
 0000:fffdc000       .debug$S                   0000000180000000     MSVCRTD:MSVCR120D.dll
 0000:fffdc000       .debug$S                   0000000180000000     MSVCRTD:MSVCR120D.dll
 0000:fffdc000       .debug$S                   0000000180000000     MSVCRTD:MSVCR120D.dll
 0000:fffdc000       .debug$S                   0000000180000000     MSVCRTD:MSVCR120D.dll
 0000:fffdc000       .debug$S                   0000000180000000     MSVCRTD:MSVCR120D.dll
 0000:fffdc000       .debug$S                   0000000180000000     MSVCRTD:MSVCR120D.dll
 0000:fffdc000       .debug$S                   0000000180000000     MSVCRTD:MSVCR120D.dll
 0000:fffdc000       .debug$S                   0000000180000000     MSVCRTD:MSVCR120D.dll
 0000:fffdc000       .debug$S                   0000000180000000     MSVCRTD:MSVCR120D.dll
 0000:fffdc000       .debug$S                   0000000180000000     MSVCRTD:MSVCR120D.dll
 0000:fffdc000       .debug$S                   0000000180000000     MSVCRTD:MSVCR120D.dll
 0000:fffdc000       .debug$S                   0000000180000000     MSVCRTD:MSVCR120D.dll
 0000:fffdc000       .debug$S                   0000000180000000     MSVCRTD:MSVCR120D.dll
 0000:fffdc000       .debug$S                   0000000180000000     ws2_32:WS2_32.dll
 0000:fffdc000       .debug$S                   0000000180000000     ws2_32:WS2_32.dll
 0000:fffdc000       .debug$S                   0000000180000000     ws2_32:WS2_32.dll
 0000:fffdc000       .debug$S                   0000000180000000     ws2_32:WS2_32.dll
 0000:fffdc000       .debug$S                   0000000180000000     ws2_32:WS2_32.dll
 0000:fffdc000       .debug$S                   0000000180000000     lib_acl_d:lib_acl_d.dll
 0000:fffdc000       .debug$S                   0000000180000000     lib_acl_d:lib_acl_d.dll
 0000:fffdc000       .debug$S                   0000000180000000     lib_acl_d:lib_acl_d.dll
 0000:fffdc000       .debug$S                   0000000180000000     lib_acl_d:lib_acl_d.dll
 0000:fffdc000       .debug$S                   0000000180000000     lib_acl_d:lib_acl_d.dll
 0000:fffdc000       .debug$S                   0000000180000000     lib_acl_d:lib_acl_d.dll
 0000:fffdc000       .debug$S                   0000000180000000     lib_acl_d:lib_acl_d.dll
 0000:fffdc000       .debug$S                   0000000180000000     lib_acl_d:lib_acl_d.dll
 0000:fffdc000       .debug$S                   0000000180000000     lib_acl_d:lib_acl_d.dll
 0000:fffdc000       .debug$S                   0000000180000000     lib_acl_d:lib_acl_d.dll
 0000:fffdc000       .debug$S                   0000000180000000     lib_acl_d:lib_acl_d.dll
 0000:fffdc000       .debug$S                   0000000180000000     lib_acl_d:lib_acl_d.dll
 0000:fffdc000       .debug$S                   0000000180000000     lib_acl_d:lib_acl_d.dll
 0000:fffdc000       .debug$S                   0000000180000000     lib_acl_d:lib_acl_d.dll
 0000:fffdc000       .debug$S                   0000000180000000     lib_acl_d:lib_acl_d.dll
 0000:fffdc000       .debug$S                   0000000180000000     kernel32:KERNEL32.dll
 0000:fffdc000       .debug$S                   0000000180000000     kernel32:KERNEL32.dll
 0000:fffdc000       .debug$S                   0000000180000000     kernel32:KERNEL32.dll
 0000:fffdc000       .debug$S                   0000000180000000     kernel32:KERNEL32.dll
 0000:fffdc000       .debug$S                   0000000180000000     kernel32:KERNEL32.dll
 0000:fffdc000       .debug$S                   0000000180000000     kernel32:KERNEL32.dll
 0000:fffdc000       .debug$S                   0000000180000000     kernel32:KERNEL32.dll
 0000:fffdc000       .debug$S                   0000000180000000     kernel32:KERNEL32.dll
 0000:fffdc000       .debug$S                   0000000180000000     kernel32:KERNEL32.dll
 0000:fffdc000       .debug$S                   0000000180000000     kernel32:KERNEL32.dll
 0000:fffdc000       .debug$S                   0000000180000000     kernel32:KERNEL32.dll
 0000:fffdc000       .debug$S                   0000000180000000     kernel32:KERNEL32.dll
 0000:fffdc000       .debug$S                   0000000180000000     kernel32:KERNEL32.dll
 0000:fffdc000       .debug$S                   0000000180000000     kernel32:KERNEL32.dll
 0000:fffdc000       .debug$S                   0000000180000000     kernel32:KERNEL32.dll
 0000:fffdc000       .debug$S                   0000000180000000     kernel32:KERNEL32.dll
 0000:fffdc000       .debug$S                   0000000180000000     kernel32:KERNEL32.dll
 0000:fffdc000       .debug$S                   0000000180000000     kernel32:KERNEL32.dll
 0000:fffdc000       .debug$S                   0000000180000000     kernel32:KERNEL32.dll
 0000:fffdc000       .debug$S                   0000000180000000     kernel32:KERNEL32.dll
 0000:fffdc000       .debug$S                   0000000180000000     kernel32:KERNEL32.dll
 0000:fffdc000       .debug$S                   0000000180000000     kernel32:KERNEL32.dll
 0000:fffdc000       .debug$S                   0000000180000000     lib_acl_d:lib_acl_d.dll
 0000:fffdc000       .debug$S                   0000000180000000     lib_acl_d:lib_acl_d.dll
 0000:fffdc000       .debug$S                   0000000180000000     lib_acl_d:lib_acl_d.dll
 0000:fffdc000       .debug$S                   0000000180000000     lib_acl_d:lib_acl_d.dll
 0000:fffdc000       .debug$S                   0000000180000000     lib_acl_d:lib_acl_d.dll
 0000:fffdc000       .debug$S                   0000000180000000     lib_acl_d:lib_acl_d.dll
 0000:fffdc000       .debug$S                   0000000180000000     lib_acl_d:lib_acl_d.dll
 0000:fffdc000       .debug$S                   0000000180000000     lib_acl_d:lib_acl_d.dll
 0000:fffdc000       .debug$S                   0000000180000000     lib_acl_d:lib_acl_d.dll
 0000:fffdc000       .debug$S                   0000000180000000     lib_acl_d:lib_acl_d.dll
 0000:fffdc000       .debug$S                   0000000180000000     lib_acl_d:lib_acl_d.dll
 0000:fffdc000       .debug$S                   0000000180000000     lib_acl_d:lib_acl_d.dll
 0000:fffdc000       .debug$S                   0000000180000000     lib_acl_d:lib_acl_d.dll
 0000:fffdc000       .debug$S                   0000000180000000     lib_acl_d:lib_acl_d.dll
 0000:fffdc000       .debug$S                   0000000180000000     lib_acl_d:lib_acl_d.dll
 0000:fffdc000       .debug$S                   0000000180000000     lib_acl_d:lib_acl_d.dll
 0000:fffdc000       .debug$S                   0000000180000000     lib_acl_d:lib_acl_d.dll
 0000:fffdc000       .debug$S                   0000000180000000     lib_acl_d:lib_acl_d.dll
 0000:fffdc000       .debug$S                   0000000180000000     lib_acl_d:lib_acl_d.dll
 0000:fffdc000       .debug$S                   0000000180000000     lib_acl_d:lib_acl_d.dll
 0000:fffdc000       .debug$S                   0000000180000000     lib_acl_d:lib_acl_d.dll
 0000:fffdc000       .debug$S                   0000000180000000     lib_acl_d:lib_acl_d.dll
 0000:fffdc000       .debug$S                   0000000180000000     lib_acl_d:lib_acl_d.dll
 0000:fffdc000       .debug$S                   0000000180000000     lib_acl_d:lib_acl_d.dll
 0000:fffdc000       .debug$S                   0000000180000000     lib_acl_d:lib_acl_d.dll
 0000:fffdc000       .debug$S                   0000000180000000     lib_acl_d:lib_acl_d.dll
 0000:fffdc000       .debug$S                   0000000180000000     lib_acl_d:lib_acl_d.dll
 0000:fffdc000       .debug$S                   0000000180000000     lib_acl_d:lib_acl_d.dll
 0000:fffdc000       .debug$S                   0000000180000000     lib_acl_d:lib_acl_d.dll
 0000:fffdc000       .debug$S                   0000000180000000     lib_acl_d:lib_acl_d.dll
 0000:fffdc000       .debug$S                   0000000180000000     lib_acl_d:lib_acl_d.dll
 0000:fffdc000       .debug$S                   0000000180000000     lib_acl_d:lib_acl_d.dll
 0000:fffdc000       .debug$S                   0000000180000000     lib_acl_d:lib_acl_d.dll
 0000:fffdc000       .debug$S                   0000000180000000     lib_acl_d:lib_acl_d.dll
 0000:fffdc000       .debug$S                   0000000180000000     lib_acl_d:lib_acl_d.dll
 0000:fffdc000       .debug$S                   0000000180000000     lib_acl_d:lib_acl_d.dll
 0000:fffdc000       .debug$S                   0000000180000000     lib_acl_d:lib_acl_d.dll
 0000:fffdc000       .debug$S                   0000000180000000     lib_acl_d:lib_acl_d.dll
 0000:fffdc000       .debug$S                   0000000180000000     lib_acl_d:lib_acl_d.dll
 0000:fffdc000       .debug$S                   0000000180000000     lib_acl_d:lib_acl_d.dll
 0000:fffdc000       .debug$S                   0000000180000000     lib_acl_d:lib_acl_d.dll
 0000:fffdc000       .debug$S                   0000000180000000     lib_acl_d:lib_acl_d.dll
 0000:fffdc000       .debug$S                   0000000180000000     lib_acl_d:lib_acl_d.dll
 0000:fffdc000       .debug$S                   0000000180000000     lib_acl_d:lib_acl_d.dll
 0000:fffdc000       .debug$S                   0000000180000000     lib_acl_d:lib_acl_d.dll
 0000:fffdc000       .debug$S                   0000000180000000     lib_acl_d:lib_acl_d.dll
 0000:fffdc000       .debug$S                   0000000180000000     lib_acl_d:lib_acl_d.dll
 0000:fffdc000       .debug$S                   0000000180000000     lib_acl_d:lib_acl_d.dll
 0000:fffdc000       .debug$S                   0000000180000000     lib_acl_d:lib_acl_d.dll
 0000:fffdc000       .debug$S                   0000000180000000     lib_acl_d:lib_acl_d.dll
 0000:fffdc000       .debug$S                   0000000180000000     lib_acl_d:lib_acl_d.dll
 0000:fffdc000       .debug$S                   0000000180000000     lib_acl_d:lib_acl_d.dll
 0000:fffdc000       .debug$S                   0000000180000000     lib_acl_d:lib_acl_d.dll
 0000:fffdc000       .debug$S                   0000000180000000     lib_acl_d:lib_acl_d.dll
 0000:fffdc000       .debug$S                   0000000180000000     lib_acl_d:lib_acl_d.dll
 0000:fffdc000       .debug$S                   0000000180000000     lib_acl_d:lib_acl_d.dll
 0000:fffdc000       .debug$S                   0000000180000000     lib_acl_d:lib_acl_d.dll
 0000:fffdc000       .debug$S                   0000000180000000     lib_acl_d:lib_acl_d.dll
 0000:fffdc000       .debug$S                   0000000180000000     lib_acl_d:lib_acl_d.dll
 0000:fffdc000       .debug$S                   0000000180000000     lib_acl_d:lib_acl_d.dll
 0000:fffdc000       .debug$S                   0000000180000000     lib_acl_d:lib_acl_d.dll
 0000:fffdc000       .debug$S                   0000000180000000     lib_acl_d:lib_acl_d.dll
 0000:fffdc000       .debug$S                   0000000180000000     lib_acl_d:lib_acl_d.dll
 0000:fffdc000       .debug$S                   0000000180000000     lib_acl_d:lib_acl_d.dll
 0000:fffdc000       .debug$S                   0000000180000000     lib_acl_d:lib_acl_d.dll
 0000:fffdc000       .debug$S                   0000000180000000     lib_acl_d:lib_acl_d.dll
 0000:fffdc000       .debug$S                   0000000180000000     lib_acl_d:lib_acl_d.dll
 0000:fffdc000       .debug$S                   0000000180000000     lib_acl_d:lib_acl_d.dll
 0000:fffdc000       .debug$S                   0000000180000000     lib_acl_d:lib_acl_d.dll
 0000:fffdc000       .debug$S                   0000000180000000     lib_acl_d:lib_acl_d.dll
 0000:fffdc000       .debug$S                   0000000180000000     lib_acl_d:lib_acl_d.dll
 0000:fffdc000       .debug$S                   0000000180000000     lib_acl_d:lib_acl_d.dll
 0000:fffdc000       .debug$S                   0000000180000000     lib_acl_d:lib_acl_d.dll
 0000:fffdc000       .debug$S                   0000000180000000     lib_acl_d:lib_acl_d.dll
 0000:fffdc000       .debug$S                   0000000180000000     lib_acl_d:lib_acl_d.dll
 0000:fffdc000       .debug$S                   0000000180000000     lib_acl_d:lib_acl_d.dll
 0000:fffdc000       .debug$S                   0000000180000000     lib_acl_d:lib_acl_d.dll
 0001:000003f0       new_ctx                    00000001800013f0 f   http_chat_async.obj
 0001:00000490       free_ctx_fn                0000000180001490 f   http_chat_async.obj
 0001:000004f0       hdr_ready                  00000001800014f0 f   http_chat_async.obj
 0001:00000620       hdr_can_read               0000000180001620 f   http_chat_async.obj
 0001:000007f0       hdr_get_async              00000001800017f0 f   http_chat_async.obj
 0001:00000930       chunked_data_endl          0000000180001930 f   http_chat_async.obj
 0001:00000a40       chunked_data               0000000180001a40 f   http_chat_async.obj
 0001:00000df0       chunked_trailer            0000000180001df0 f   http_chat_async.obj
 0001:00000f60       chunked_hdr                0000000180001f60 f   http_chat_async.obj
 0001:000010f0       body_can_read              00000001800020f0 f   http_chat_async.obj
 0001:00001280       body_get                   0000000180002280 f   http_chat_async.obj
 0001:00001890       new_ctx                    0000000180002890 f   http_chat_sync.obj
 0001:00001960       free_ctx                   0000000180002960 f   http_chat_sync.obj
 0001:000019c0       hdr_ready                  00000001800029c0 f   http_chat_sync.obj
 0001:00001aa0       hdr_get                    0000000180002aa0 f   http_chat_sync.obj
 0001:00001ba0       chunked_data_get           0000000180002ba0 f   http_chat_sync.obj
 0001:00001da0       chunked_hdr_get            0000000180002da0 f   http_chat_sync.obj
 0001:00001f40       chunked_sep_gets           0000000180002f40 f   http_chat_sync.obj
 0001:00002030       chunked_trailer_get        0000000180003030 f   http_chat_sync.obj
 0001:00002160       body_get                   0000000180003160 f   http_chat_sync.obj
 0001:00003b60       __hdr_init                 0000000180004b60 f   http_hdr.obj
 0001:00003bc0       __get_hdr_entry            0000000180004bc0 f   http_hdr.obj
 0001:00003cc0       time                       0000000180004cc0 f   http_hdr_build.obj
 0001:00006470       __get_host_from_url        0000000180007470 f   http_hdr_req.obj
 0001:00006620       __hdr_init                 0000000180007620 f   http_hdr_req.obj
 0001:000067a0       __request_args_free_fn     00000001800077a0 f   http_hdr_req.obj
 0001:00006800       __cookies_args_free_fn     0000000180007800 f   http_hdr_req.obj
 0001:00006860       __hdr_free_member          0000000180007860 f   http_hdr_req.obj
 0001:00006980       __hdr_reset                0000000180007980 f   http_hdr_req.obj
 0001:00006f90       thread_cache_free          0000000180007f90 f   http_hdr_req.obj
 0001:00006ff0       main_cache_free            0000000180007ff0 f   http_hdr_req.obj
 0001:00007040       cache_init                 0000000180008040 f   http_hdr_req.obj
 0001:00007080       clone_table_entry          0000000180008080 f   http_hdr_req.obj
 0001:00007130       __add_cookie_item          0000000180008130 f   http_hdr_req.obj
 0001:00007450       __add_request_item         0000000180008450 f   http_hdr_req.obj
 0001:000075a0       __strip_url_path           00000001800085a0 f   http_hdr_req.obj
 0001:00007940       __parse_url_and_port       0000000180008940 f   http_hdr_req.obj
[...]
 0004:0000048c       $pdata$http_hdr_res_status_parse 000000018002148c     http_hdr_res.obj
 0004:00000498       $pdata$http_hdr_res_new    0000000180021498     http_hdr_res.obj
 0004:000004a4       $pdata$http_hdr_res_clone  00000001800214a4     http_hdr_res.obj
 0004:000004b0       $pdata$http_hdr_res_free   00000001800214b0     http_hdr_res.obj
 0004:000004bc       $pdata$http_hdr_res_reset  00000001800214bc     http_hdr_res.obj
 0004:000004c8       $pdata$http_hdr_res_parse  00000001800214c8     http_hdr_res.obj
 0004:000004d4       $pdata$http_hdr_res_range  00000001800214d4     http_hdr_res.obj
 0004:000004e0       $pdata$__hdr_init          00000001800214e0     http_hdr_res.obj
 0004:000004ec       $pdata$thread_cache_free   00000001800214ec     http_hdr_res.obj
 0004:000004f8       $pdata$main_cache_free     00000001800214f8     http_hdr_res.obj
 0004:00000504       $pdata$thread_cache_init   0000000180021504     http_hdr_res.obj
 0004:00000510       $pdata$__hdr_free_member   0000000180021510     http_hdr_res.obj
 0004:0000051c       $pdata$http_init           000000018002151c     http_init.obj
 0004:00000528       $pdata$http_hdr_cache      0000000180021528     http_init.obj
 0004:00000534       $pdata$http_buf_size_set   0000000180021534     http_init.obj
 0004:00000540       $pdata$http_buf_size_get   0000000180021540     http_init.obj
 0004:0000054c       $pdata$http_req_new        000000018002154c     http_req.obj
 0004:00000558       $pdata$http_req_free       0000000180021558     http_req.obj
 0004:00000564       $pdata$http_res_new        0000000180021564     http_res.obj
 0004:00000570       $pdata$http_res_free       0000000180021570     http_res.obj
 0004:0000057c       $pdata$gmtime_s            000000018002157c     http_rfc1123.obj
 0004:00000588       $pdata$http_mkrfc1123      0000000180021588     http_rfc1123.obj
 0004:00000594       $pdata$http_status_line    0000000180021594     http_status.obj
 0004:000005a0       $pdata$http_tmpl_load      00000001800215a0     http_tmpl.obj
 0004:000005ac       $pdata$http_tmpl_get       00000001800215ac     http_tmpl.obj
 0004:000005b8       $pdata$http_tmpl_title     00000001800215b8     http_tmpl.obj
 0004:000005c4       $pdata$http_tmpl_size      00000001800215c4     http_tmpl.obj
 0004:000005d0       $pdata$__load_tmpl         00000001800215d0     http_tmpl.obj
 0004:000005dc       $pdata$http_util_req_new   00000001800215dc     http_util.obj
 0004:000005e8       $pdata$http_util_res_new   00000001800215e8     http_util.obj
 0004:000005f4       $pdata$http_util_free      00000001800215f4     http_util.obj
 0004:00000600       $pdata$http_util_set_req_entry 0000000180021600     http_util.obj
 0004:0000060c       $pdata$http_util_off_req_entry 000000018002160c     http_util.obj
 0004:00000618       $pdata$http_util_get_req_value 0000000180021618     http_util.obj
 0004:00000624       $pdata$http_util_get_req_entry 0000000180021624     http_util.obj
 0004:00000630       $pdata$http_util_set_req_content_length 0000000180021630     http_util.obj
 0004:0000063c       $pdata$http_util_set_req_keep_alive 000000018002163c     http_util.obj
 0004:00000648       $pdata$http_util_set_req_connection 0000000180021648     http_util.obj
 0004:00000654       $pdata$http_util_set_req_refer 0000000180021654     http_util.obj
 0004:00000660       $pdata$http_util_set_req_cookie 0000000180021660     http_util.obj
 0004:0000066c       $pdata$http_util_set_req_proxy 000000018002166c     http_util.obj
 0004:00000678       $pdata$http_util_set_dump_stream 0000000180021678     http_util.obj
 0004:00000684       $pdata$http_util_set_dump_file 0000000180021684     http_util.obj
 0004:00000690       $pdata$http_util_req_open  0000000180021690     http_util.obj
 0004:0000069c       $pdata$http_util_put_req_data 000000018002169c     http_util.obj
 0004:000006a8       $pdata$http_util_get_res_hdr 00000001800216a8     http_util.obj
 0004:000006b4       $pdata$http_util_get_res_value 00000001800216b4     http_util.obj
 0004:000006c0       $pdata$http_util_get_res_entry 00000001800216c0     http_util.obj
 0004:000006cc       $pdata$http_util_set_res_entry 00000001800216cc     http_util.obj
 0004:000006d8       $pdata$http_util_off_res_entry 00000001800216d8     http_util.obj
 0004:000006e4       $pdata$http_util_has_res_body 00000001800216e4     http_util.obj
 0004:000006f0       $pdata$http_util_get_res_body 00000001800216f0     http_util.obj
 0004:000006fc       $pdata$http_util_dump_url  00000001800216fc     http_util.obj
 0004:00000708       $pdata$http_util_dump_url_to_stream 0000000180021708     http_util.obj
 0004:00000714       $pdata$icmp_chat_create    0000000180021714     icmp_chat.obj
 0004:00000720       $pdata$icmp_chat_free      0000000180021720     icmp_chat.obj
 0004:0000072c       $pdata$icmp_chat           000000018002172c     icmp_chat.obj
 0004:00000738       $pdata$icmp_chat_size      0000000180021738     icmp_chat.obj
 0004:00000744       $pdata$icmp_chat_count     0000000180021744     icmp_chat.obj
 0004:00000750       $pdata$icmp_chat_finish    0000000180021750     icmp_chat.obj
 0004:0000075c       $pdata$icmp_chat_seqno     000000018002175c     icmp_chat.obj
 0004:00000768       $pdata$proc_on_exit        0000000180021768     icmp_chat.obj
 0004:00000774       $pdata$icmp_once           0000000180021774     icmp_chat.obj
 0004:00000780       $pdata$icmp_chat_aio_add   0000000180021780     icmp_chat_aio.obj
 0004:0000078c       $pdata$icmp_chat_aio_free  000000018002178c     icmp_chat_aio.obj
 0004:00000798       $pdata$icmp_chat_aio       0000000180021798     icmp_chat_aio.obj
 0004:000007a4       $pdata$delay_send_pkt      00000001800217a4     icmp_chat_aio.obj
 0004:000007b0       $pdata$read_close_fn       00000001800217b0     icmp_chat_aio.obj
 0004:000007bc       $pdata$read_ready_fn       00000001800217bc     icmp_chat_aio.obj
 0004:000007c8       $pdata$check_timer         00000001800217c8     icmp_chat_aio.obj
 0004:000007d4       $pdata$send_pkt            00000001800217d4     icmp_chat_aio.obj
 0004:000007e0       $pdata$delay_send_timer    00000001800217e0     icmp_chat_aio.obj
 0004:000007ec       $pdata$timeout_fn          00000001800217ec     icmp_chat_aio.obj
 0004:000007f8       $pdata$write_ready_fn      00000001800217f8     icmp_chat_aio.obj
 0004:00000804       $pdata$icmp_rset           0000000180021804     icmp_chat_aio.obj
 0004:00000810       $pdata$icmp_chat_sio_free  0000000180021810     icmp_chat_sio.obj
 0004:0000081c       $pdata$icmp_chat_sio       000000018002181c     icmp_chat_sio.obj
 0004:00000828       $pdata$read_pkt            0000000180021828     icmp_chat_sio.obj
 0004:00000834       $pdata$send_pkt            0000000180021834     icmp_chat_sio.obj
 0004:00000840       $pdata$icmp_host_new       0000000180021840     icmp_host.obj
 0004:0000084c       $pdata$icmp_host_free      000000018002184c     icmp_host.obj
 0004:00000858       $pdata$icmp_host_set       0000000180021858     icmp_host.obj
 0004:00000864       $pdata$icmp_host_alloc     0000000180021864     icmp_host.obj
 0004:00000870       $pdata$icmp_host_init      0000000180021870     icmp_host.obj
 0004:0000087c       $pdata$icmp_ping_one       000000018002187c     icmp_ping.obj
 0004:00000888       $pdata$icmp_pkt_client     0000000180021888     icmp_pkt.obj
 0004:00000894       $pdata$icmp_pkt_alloc      0000000180021894     icmp_pkt.obj
 0004:000008a0       $pdata$icmp_pkt_free       00000001800218a0     icmp_pkt.obj
 0004:000008ac       $pdata$icmp_pkt_pack       00000001800218ac     icmp_pkt.obj
 0004:000008b8       $pdata$icmp_pkt_build      00000001800218b8     icmp_pkt.obj
 0004:000008c4       $pdata$icmp_pkt_save_status 00000001800218c4     icmp_pkt.obj
 0004:000008d0       $pdata$icmp_pkt_unpack     00000001800218d0     icmp_pkt.obj
 0004:000008dc       $pdata$icmp_pkt_check      00000001800218dc     icmp_pkt.obj
 0004:000008e8       $pdata$icmp_pkt_type       00000001800218e8     icmp_pkt.obj
 0004:000008f4       $pdata$icmp_pkt_code       00000001800218f4     icmp_pkt.obj
 0004:00000900       $pdata$icmp_pkt_cksum      0000000180021900     icmp_pkt.obj
 0004:0000090c       $pdata$icmp_pkt_id         000000018002190c     icmp_pkt.obj
 0004:00000918       $pdata$icmp_pkt_seq        0000000180021918     icmp_pkt.obj
 0004:00000924       $pdata$icmp_pkt_gid        0000000180021924     icmp_pkt.obj
 0004:00000930       $pdata$icmp_pkt_peer       0000000180021930     icmp_pkt.obj
 0004:0000093c       $pdata$icmp_pkt_status     000000018002193c     icmp_pkt.obj
 0004:00000948       $pdata$icmp_pkt_len        0000000180021948     icmp_pkt.obj
 0004:00000954       $pdata$icmp_pkt_wlen       0000000180021954     icmp_pkt.obj
 0004:00000960       $pdata$icmp_pkt_payload    0000000180021960     icmp_pkt.obj
 0004:0000096c       $pdata$icmp_pkt_set_extra  000000018002196c     icmp_pkt.obj
 0004:00000978       $pdata$icmp_pkt_set_type   0000000180021978     icmp_pkt.obj
 0004:00000984       $pdata$icmp_pkt_set_code   0000000180021984     icmp_pkt.obj
 0004:00000990       $pdata$icmp_pkt_set_cksum  0000000180021990     icmp_pkt.obj
 0004:0000099c       $pdata$icmp_pkt_set_id     000000018002199c     icmp_pkt.obj
 0004:000009a8       $pdata$icmp_pkt_set_seq    00000001800219a8     icmp_pkt.obj
 0004:000009b4       $pdata$icmp_pkt_set_data   00000001800219b4     icmp_pkt.obj
 0004:000009c0       $pdata$checksum            00000001800219c0     icmp_pkt.obj
 0004:000009cc       $pdata$icmp_hdr_pack       00000001800219cc     icmp_pkt.obj
 0004:000009d8       $pdata$stamp_sub           00000001800219d8     icmp_stat.obj
 0004:000009e4       $pdata$icmp_stat_timeout   00000001800219e4     icmp_stat.obj
 0004:000009f0       $pdata$icmp_stat_unreach   00000001800219f0     icmp_stat.obj
 0004:000009fc       $pdata$icmp_stat_report    00000001800219fc     icmp_stat.obj
 0004:00000a08       $pdata$icmp_stat_finish    0000000180021a08     icmp_stat.obj
 0004:00000a14       $pdata$icmp_stat           0000000180021a14     icmp_stat.obj
 0004:00000a20       $pdata$icmp_stat_host      0000000180021a20     icmp_stat.obj
 0004:00000a2c       $pdata$icmp_rtt_compute    0000000180021a2c     icmp_stat.obj
 0004:00000a38       $pdata$icmp_status         0000000180021a38     icmp_stat.obj
 0004:00000a44       $pdata$icmp_stream_open    0000000180021a44     icmp_stream.obj
 0004:00000a50       $pdata$icmp_stream_close   0000000180021a50     icmp_stream.obj
 0004:00000a5c       $pdata$icmp_vstream        0000000180021a5c     icmp_stream.obj
 0004:00000a68       $pdata$icmp_stream_from    0000000180021a68     icmp_stream.obj
 0004:00000a74       $pdata$icmp_stream_dest    0000000180021a74     icmp_stream.obj
 0004:00000a80       $pdata$icmp_stream_set_dest 0000000180021a80     icmp_stream.obj
 0004:00000a8c       $pdata$icmp_stream_reopen  0000000180021a8c     icmp_stream.obj
 0004:00000a98       $pdata$icmp_read           0000000180021a98     icmp_stream.obj
 0004:00000aa4       $pdata$icmp_write          0000000180021aa4     icmp_stream.obj
 0004:00000ab0       $pdata$time                0000000180021ab0     icmp_timer.obj
 0004:00000abc       $pdata$icmp_timer_new      0000000180021abc     icmp_timer.obj
 0004:00000ac8       $pdata$icmp_timer_free     0000000180021ac8     icmp_timer.obj
 0004:00000ad4       $pdata$timer_request       0000000180021ad4     icmp_timer.obj
 0004:00000ae0       $pdata$timer_cancel        0000000180021ae0     icmp_timer.obj
 0004:00000aec       $pdata$timer_find_delete   0000000180021aec     icmp_timer.obj
 0004:00000af8       $pdata$timer_popup         0000000180021af8     icmp_timer.obj
 0004:00000b04       $pdata$proto_secure_snprintf 0000000180021b04     proto_snprintf.obj
 0004:00000b10       $pdata$proto_securevsnprintf 0000000180021b10     proto_snprintf.obj
 0004:00000b1c       $pdata$smtp_open           0000000180021b1c     smtp_client.obj
 0004:00000b28       $pdata$smtp_close          0000000180021b28     smtp_client.obj
 0004:00000b34       $pdata$smtp_get_banner     0000000180021b34     smtp_client.obj
 0004:00000b40       $pdata$smtp_greet          0000000180021b40     smtp_client.obj
 0004:00000b4c       $pdata$smtp_helo           0000000180021b4c     smtp_client.obj
 0004:00000b58       $pdata$smtp_ehlo           0000000180021b58     smtp_client.obj
 0004:00000b64       $pdata$smtp_auth           0000000180021b64     smtp_client.obj
 0004:00000b70       $pdata$smtp_mail           0000000180021b70     smtp_client.obj
 0004:00000b7c       $pdata$smtp_rcpt           0000000180021b7c     smtp_client.obj
 0004:00000b88       $pdata$smtp_data           0000000180021b88     smtp_client.obj
 0004:00000b94       $pdata$smtp_send           0000000180021b94     smtp_client.obj
 0004:00000ba0       $pdata$smtp_printf         0000000180021ba0     smtp_client.obj
 0004:00000bac       $pdata$smtp_data_end       0000000180021bac     smtp_client.obj
 0004:00000bb8       $pdata$smtp_send_file      0000000180021bb8     smtp_client.obj
 0004:00000bc4       $pdata$smtp_send_stream    0000000180021bc4     smtp_client.obj
 0004:00000bd0       $pdata$smtp_quit           0000000180021bd0     smtp_client.obj
 0004:00000bdc       $pdata$smtp_noop           0000000180021bdc     smtp_client.obj
 0004:00000be8       $pdata$smtp_rset           0000000180021be8     smtp_client.obj
 0004:00000bf4       $pdata$smtp_ehlo_flag      0000000180021bf4     smtp_client.obj
 0004:00000c00       $pdata$_RTC_AllocaHelper   0000000180021c00     MSVCRTD:stack.obj
 0004:00000c0c       $pdata$0$_RTC_AllocaHelper 0000000180021c0c     MSVCRTD:stack.obj
 0004:00000c18       $pdata$1$_RTC_AllocaHelper 0000000180021c18     MSVCRTD:stack.obj
 0004:00000c24       $pdata$_RTC_CheckStackVars 0000000180021c24     MSVCRTD:stack.obj
 0004:00000c30       $pdata$0$_RTC_CheckStackVars 0000000180021c30     MSVCRTD:stack.obj
 0004:00000c3c       $pdata$1$_RTC_CheckStackVars 0000000180021c3c     MSVCRTD:stack.obj
 0004:00000c48       $pdata$_RTC_CheckStackVars2 0000000180021c48     MSVCRTD:stack.obj
 0004:00000c54       $pdata$1$_RTC_CheckStackVars2 0000000180021c54     MSVCRTD:stack.obj
 0004:00000c60       $pdata$2$_RTC_CheckStackVars2 0000000180021c60     MSVCRTD:stack.obj
 0004:00000c6c       $pdata$3$_RTC_CheckStackVars2 0000000180021c6c     MSVCRTD:stack.obj
 0004:00000c78       $pdata$4$_RTC_CheckStackVars2 0000000180021c78     MSVCRTD:stack.obj
 0004:00000c84       $pdata$5$_RTC_CheckStackVars2 0000000180021c84     MSVCRTD:stack.obj
 0004:00000c90       $pdata$6$_RTC_CheckStackVars2 0000000180021c90     MSVCRTD:stack.obj
 0004:00000c9c       $pdata$_RTC_InitBase       0000000180021c9c     MSVCRTD:init.obj
 0004:00000ca8       $pdata$_RTC_Shutdown       0000000180021ca8     MSVCRTD:init.obj
 0004:00000cb4       $pdata$__GSHandlerCheck    0000000180021cb4     MSVCRTD:gshandler.obj
 0004:00000cc0       $pdata$__GSHandlerCheckCommon 0000000180021cc0     MSVCRTD:gshandler.obj
 0004:00000ce4       $pdata$__raise_securityfailure 0000000180021ce4     MSVCRTD:gs_report.obj
 0004:00000cf0       $pdata$__report_gsfailure  0000000180021cf0     MSVCRTD:gs_report.obj
 0004:00000cfc       $pdata$__report_rangecheckfailure 0000000180021cfc     MSVCRTD:gs_report.obj
 0004:00000d08       $pdata$__report_securityfailure 0000000180021d08     MSVCRTD:gs_report.obj
 0004:00000d14       $pdata$__report_securityfailureEx 0000000180021d14     MSVCRTD:gs_report.obj
 0004:00000d20       $pdata$__atonexitinit      0000000180021d20     MSVCRTD:atonexit.obj
 0004:00000d2c       $pdata$_onexit             0000000180021d2c     MSVCRTD:atonexit.obj
 0004:00000d38       $pdata$atexit              0000000180021d38     MSVCRTD:atonexit.obj
 0004:00000d44       $pdata$pre_c_init          0000000180021d44     MSVCRTD:crtdll.obj
 0004:00000d50       $pdata$_CRT_INIT           0000000180021d50     MSVCRTD:crtdll.obj
 0004:00000d5c       $pdata$_DllMainCRTStartup  0000000180021d5c     MSVCRTD:crtdll.obj
 0004:00000d68       $pdata$__DllMainCRTStartup 0000000180021d68     MSVCRTD:crtdll.obj
 0004:00000d74       $pdata$?DebuggerProbe@@YAHK@Z 0000000180021d74     MSVCRTD:error.obj
 0004:00000d80       $pdata$?DebuggerRuntime@@YAHKHPEAXPEB_W@Z 0000000180021d80     MSVCRTD:error.obj
 0004:00000d8c       $pdata$?_RTC_AllocaFailure@@YAXPEAXPEAU_RTC_ALLOCA_NODE@@H@Z 0000000180021d8c     MSVCRTD:error.obj
 0004:00000d98       $pdata$0$?_RTC_AllocaFailure@@YAXPEAXPEAU_RTC_ALLOCA_NODE@@H@Z 0000000180021d98     MSVCRTD:error.obj
 0004:00000da4       $pdata$1$?_RTC_AllocaFailure@@YAXPEAXPEAU_RTC_ALLOCA_NODE@@H@Z 0000000180021da4     MSVCRTD:error.obj
 0004:00000db0       $pdata$?_RTC_StackFailure@@YAXPEAXPEBD@Z 0000000180021db0     MSVCRTD:error.obj
 0004:00000dbc       $pdata$?_getMemBlockDataString@@YAXPEAD00_K@Z 0000000180021dbc     MSVCRTD:error.obj
 0004:00000dc8       $pdata$2$?_getMemBlockDataString@@YAXPEAD00_K@Z 0000000180021dc8     MSVCRTD:error.obj
 0004:00000dd4       $pdata$3$?_getMemBlockDataString@@YAXPEAD00_K@Z 0000000180021dd4     MSVCRTD:error.obj
 0004:00000de0       $pdata$?failwithmessage@@YAXPEAXHHPEBD@Z 0000000180021de0     MSVCRTD:error.obj
 0004:00000dec       $pdata$_RTC_UninitUse      0000000180021dec     MSVCRTD:error.obj
 0004:00000df8       $pdata$_FindPESection      0000000180021df8     MSVCRTD:pesect.obj
 0004:00000e04       $pdata$_IsNonwritableInCurrentImage 0000000180021e04     MSVCRTD:pesect.obj
 0004:00000e10       $pdata$_ValidateImageBase  0000000180021e10     MSVCRTD:pesect.obj
 0004:00000e1c       $pdata$__security_init_cookie 0000000180021e1c     MSVCRTD:gs_support.obj
 0004:00000e28       $pdata$DllMain             0000000180021e28     MSVCRTD:dllmain.obj
 0004:00000e34       $pdata$_RTC_Initialize     0000000180021e34     MSVCRTD:initsect.obj
 0004:00000e40       $pdata$_RTC_Terminate      0000000180021e40     MSVCRTD:initsect.obj
 0004:00000e4c       $pdata$__clean_type_info_names 0000000180021e4c     MSVCRTD:tncleanup.obj
 0004:00000e58       $pdata$?GetPdbDll@@YAPEAUHINSTANCE__@@XZ 0000000180021e58     MSVCRTD:pdblkup.obj
 0004:00000e64       $pdata$?GetPdbDllFromInstallPath@@YAPEAUHINSTANCE__@@XZ 0000000180021e64     MSVCRTD:pdblkup.obj
 0004:00000e70       $pdata$0$?GetPdbDllFromInstallPath@@YAPEAUHINSTANCE__@@XZ 0000000180021e70     MSVCRTD:pdblkup.obj
 0004:00000e7c       $pdata$1$?GetPdbDllFromInstallPath@@YAPEAUHINSTANCE__@@XZ 0000000180021e7c     MSVCRTD:pdblkup.obj
 0004:00000e88       $pdata$2$?GetPdbDllFromInstallPath@@YAPEAUHINSTANCE__@@XZ 0000000180021e88     MSVCRTD:pdblkup.obj
 0004:00000e94       $pdata$3$?GetPdbDllFromInstallPath@@YAPEAUHINSTANCE__@@XZ 0000000180021e94     MSVCRTD:pdblkup.obj
 0004:00000ea0       $pdata$4$?GetPdbDllFromInstallPath@@YAPEAUHINSTANCE__@@XZ 0000000180021ea0     MSVCRTD:pdblkup.obj
 0004:00000eac       $pdata$5$?GetPdbDllFromInstallPath@@YAPEAUHINSTANCE__@@XZ 0000000180021eac     MSVCRTD:pdblkup.obj
 0004:00000eb8       $pdata$?GetPdbDllPathFromFilePath@@YAHPEB_WPEA_W_K@Z 0000000180021eb8     MSVCRTD:pdblkup.obj
 0004:00000ec4       $pdata$?_RTC_GetSrcLine@@YAHPEAEPEA_WKPEAH1K@Z 0000000180021ec4     MSVCRTD:pdblkup.obj
 0004:00000ed0       $pdata$_onexit$fin$0       0000000180021ed0     MSVCRTD:atonexit.obj
 0004:00000edc       $pdata$__DllMainCRTStartup$filt$0 0000000180021edc     MSVCRTD:crtdll.obj
 0004:00000ee8       $pdata$__DllMainCRTStartup$fin$1 0000000180021ee8     MSVCRTD:crtdll.obj
 0004:00000ef4       $pdata$?filt$0@?0??DebuggerProbe@@YAHK@Z@4HA 0000000180021ef4     MSVCRTD:error.obj
 0004:00000f00       $pdata$?filt$0@?0??DebuggerRuntime@@YAHKHPEAXPEB_W@Z@4HA 0000000180021f00     MSVCRTD:error.obj
 0004:00000f0c       $pdata$_IsNonwritableInCurrentImage$filt$0 0000000180021f0c     MSVCRTD:pesect.obj
 0005:000000a0       $R000000                   00000001800220a0     lib_protocol.res
 0005:00000370       $R0002D0                   0000000180022370     lib_protocol.res
